Archive member included because of file (symbol)

libs/gcc/app_start.lib(fileSys.o)
                              build\gcc\obj/example/GSR_V_0.0.5.o (Ql_FS_Open)
libs/gcc/app_start.lib(fota.o)
                              build\gcc\obj/custom/fota/src/fota_main.o (Ql_FOTA_Init)
libs/gcc/app_start.lib(gprs.o)
                              build\gcc\obj/example/GSR_V_0.0.5.o (Ql_GPRS_GetPDPContextId)
libs/gcc/app_start.lib(lib_ril_sms.o)
                              build\gcc\obj/ril/src/ril_sms.o (LIB_SMS_IsValidHexStr)
libs/gcc/app_start.lib(memory.o)
                              build\gcc\obj/ril/src/ril_bluetooth.o (Ql_MEM_Alloc)
libs/gcc/app_start.lib(ql_func.o)
                              libs/gcc/app_start.lib(memory.o) (api_notsup)
libs/gcc/app_start.lib(ql_main.o)
                              build\gcc\obj/ril/src/ril_bluetooth.o (Ql_Debug_Trace)
libs/gcc/app_start.lib(ril_aux.o)
                              build\gcc\obj/custom/config/sys_config.o (proc_reserved2)
libs/gcc/app_start.lib(ril_main.o)
                              build\gcc\obj/custom/config/sys_config.o (proc_reserved1)
libs/gcc/app_start.lib(socket.o)
                              build\gcc\obj/example/GSR_V_0.0.5.o (Ql_SOC_Register)
libs/gcc/app_start.lib(stdlib_func.o)
                              build\gcc\obj/ril/src/ril_dtmf.o (Ql_atof)
libs/gcc/app_start.lib(system.o)
                              build\gcc\obj/ril/src/ril_ftp.o (Ql_Sleep)
libs/gcc/app_start.lib(taskMngt.o)
                              build\gcc\obj/example/GSR_V_0.0.5.o (Ql_OS_GetMessage)
libs/gcc/app_start.lib(time.o)
                              build\gcc\obj/example/GSR_V_0.0.5.o (Ql_SetLocalTime)
libs/gcc/app_start.lib(timer.o)
                              build\gcc\obj/example/GSR_V_0.0.5.o (Ql_Timer_Register)
libs/gcc/app_start.lib(uart.o)
                              build\gcc\obj/example/GSR_V_0.0.5.o (Ql_UART_Register)
libs/gcc/app_start.lib(watchdog.o)
                              build\gcc\obj/example/GSR_V_0.0.5.o (Ql_WTD_Init)
libs/gcc/app_start.lib(gpio.o)
                              libs/gcc/app_start.lib(watchdog.o) (Ql_GPIO_Init)
libs/gcc/app_start.lib(ocpu_init.o)
                              libs/gcc/app_start.lib(ql_main.o) (_OCPU_InitUserMem)
C:\Program Files (x86)\CodeSourcery\Sourcery_CodeBench_Lite_for_ARM_EABI/arm-none-eabi/lib/thumb/libm.a(lib_a-s_floor.o)
                              build\gcc\obj/example/GSR_V_0.0.5.o (floor)
C:\Program Files (x86)\CodeSourcery\Sourcery_CodeBench_Lite_for_ARM_EABI/arm-none-eabi/lib/thumb/libm.a(lib_a-w_pow.o)
                              build\gcc\obj/example/GSR_V_0.0.5.o (pow)
C:\Program Files (x86)\CodeSourcery\Sourcery_CodeBench_Lite_for_ARM_EABI/arm-none-eabi/lib/thumb/libm.a(lib_a-e_pow.o)
                              C:\Program Files (x86)\CodeSourcery\Sourcery_CodeBench_Lite_for_ARM_EABI/arm-none-eabi/lib/thumb/libm.a(lib_a-w_pow.o) (__ieee754_pow)
C:\Program Files (x86)\CodeSourcery\Sourcery_CodeBench_Lite_for_ARM_EABI/arm-none-eabi/lib/thumb/libm.a(lib_a-e_sqrt.o)
                              C:\Program Files (x86)\CodeSourcery\Sourcery_CodeBench_Lite_for_ARM_EABI/arm-none-eabi/lib/thumb/libm.a(lib_a-e_pow.o) (__ieee754_sqrt)
C:\Program Files (x86)\CodeSourcery\Sourcery_CodeBench_Lite_for_ARM_EABI/arm-none-eabi/lib/thumb/libm.a(lib_a-s_fabs.o)
                              C:\Program Files (x86)\CodeSourcery\Sourcery_CodeBench_Lite_for_ARM_EABI/arm-none-eabi/lib/thumb/libm.a(lib_a-e_pow.o) (fabs)
C:\Program Files (x86)\CodeSourcery\Sourcery_CodeBench_Lite_for_ARM_EABI/arm-none-eabi/lib/thumb/libm.a(lib_a-s_finite.o)
                              C:\Program Files (x86)\CodeSourcery\Sourcery_CodeBench_Lite_for_ARM_EABI/arm-none-eabi/lib/thumb/libm.a(lib_a-w_pow.o) (finite)
C:\Program Files (x86)\CodeSourcery\Sourcery_CodeBench_Lite_for_ARM_EABI/arm-none-eabi/lib/thumb/libm.a(lib_a-s_fpclassify.o)
                              C:\Program Files (x86)\CodeSourcery\Sourcery_CodeBench_Lite_for_ARM_EABI/arm-none-eabi/lib/thumb/libm.a(lib_a-w_pow.o) (__fpclassifyd)
C:\Program Files (x86)\CodeSourcery\Sourcery_CodeBench_Lite_for_ARM_EABI/arm-none-eabi/lib/thumb/libm.a(lib_a-s_lib_ver.o)
                              C:\Program Files (x86)\CodeSourcery\Sourcery_CodeBench_Lite_for_ARM_EABI/arm-none-eabi/lib/thumb/libm.a(lib_a-w_pow.o) (__fdlib_version)
C:\Program Files (x86)\CodeSourcery\Sourcery_CodeBench_Lite_for_ARM_EABI/arm-none-eabi/lib/thumb/libm.a(lib_a-s_matherr.o)
                              C:\Program Files (x86)\CodeSourcery\Sourcery_CodeBench_Lite_for_ARM_EABI/arm-none-eabi/lib/thumb/libm.a(lib_a-w_pow.o) (matherr)
C:\Program Files (x86)\CodeSourcery\Sourcery_CodeBench_Lite_for_ARM_EABI/arm-none-eabi/lib/thumb/libm.a(lib_a-s_nan.o)
                              C:\Program Files (x86)\CodeSourcery\Sourcery_CodeBench_Lite_for_ARM_EABI/arm-none-eabi/lib/thumb/libm.a(lib_a-e_pow.o) (nan)
[...]
Memory Configuration

Name             Origin             Length             Attributes
ROM              0x102c7040         0x0005a000         xr
RAM              0xf03d2000         0x00019000         xrw
*default*        0x00000000         0xffffffff

Linker script and memory map

                0x102c7040                . = 0x102c7040

.initdata       0x102c7040       0x2c
 *(.initdata)
 .initdata      0x102c7040       0x2c libs/gcc/app_start.lib(ql_main.o)
                0x102c7040                GADLENTRY

text            0x102c7070     0x2d20
 *(.text)
 .text          0x102c7070       0x4c libs/gcc/app_start.lib(ocpu_init.o)
                0x102c7070                _OCPU_InitUserMem
 *fill*         0x102c70bc        0x4 
 .text          0x102c70c0      0x418 C:\Program Files (x86)\CodeSourcery\Sourcery_CodeBench_Lite_for_ARM_EABI/arm-none-eabi/lib/thumb/libm.a(lib_a-w_pow.o)
                0x102c70c0                pow
 .text          0x102c74d8      0xb20 C:\Program Files (x86)\CodeSourcery\Sourcery_CodeBench_Lite_for_ARM_EABI/arm-none-eabi/lib/thumb/libm.a(lib_a-e_pow.o)
                0x102c74d8                __ieee754_pow
 .text          0x102c7ff8      0x1c4 C:\Program Files (x86)\CodeSourcery\Sourcery_CodeBench_Lite_for_ARM_EABI/arm-none-eabi/lib/thumb/libm.a(lib_a-e_sqrt.o)
                0x102c7ff8                __ieee754_sqrt
 .text          0x102c81bc        0x8 C:\Program Files (x86)\CodeSourcery\Sourcery_CodeBench_Lite_for_ARM_EABI/arm-none-eabi/lib/thumb/libm.a(lib_a-s_fabs.o)
                0x102c81bc                fabs
 .text          0x102c81c4       0x10 C:\Program Files (x86)\CodeSourcery\Sourcery_CodeBench_Lite_for_ARM_EABI/arm-none-eabi/lib/thumb/libm.a(lib_a-s_finite.o)
                0x102c81c4                finite
 .text          0x102c81d4       0x5c C:\Program Files (x86)\CodeSourcery\Sourcery_CodeBench_Lite_for_ARM_EABI/arm-none-eabi/lib/thumb/libm.a(lib_a-s_fpclassify.o)
                0x102c81d4                __fpclassifyd
 .text          0x102c8230        0x4 C:\Program Files (x86)\CodeSourcery\Sourcery_CodeBench_Lite_for_ARM_EABI/arm-none-eabi/lib/thumb/libm.a(lib_a-s_matherr.o)
                0x102c8230                matherr
 *fill*         0x102c8234        0x4 
 .text          0x102c8238       0x10 C:\Program Files (x86)\CodeSourcery\Sourcery_CodeBench_Lite_for_ARM_EABI/arm-none-eabi/lib/thumb/libm.a(lib_a-s_nan.o)
                0x102c8238                nan
 .text          0x102c8248      0x128 C:\Program Files (x86)\CodeSourcery\Sourcery_CodeBench_Lite_for_ARM_EABI/arm-none-eabi/lib/thumb/libm.a(lib_a-s_rint.o)
                0x102c8248                rint
 .text          0x102c8370      0x118 C:\Program Files (x86)\CodeSourcery\Sourcery_CodeBench_Lite_for_ARM_EABI/arm-none-eabi/lib/thumb/libm.a(lib_a-s_scalbn.o)
                0x102c8370                scalbn
 .text          0x102c8488       0x14 C:\Program Files (x86)\CodeSourcery\Sourcery_CodeBench_Lite_for_ARM_EABI/arm-none-eabi/lib/thumb/libm.a(lib_a-s_copysign.o)
                0x102c8488                copysign
 .text          0x102c849c       0x20 C:\Program Files (x86)\CodeSourcery\Sourcery_CodeBench_Lite_for_ARM_EABI/arm-none-eabi/lib/thumb/libc.a(lib_a-atoi.o)
                0x102c849c                atoi
                0x102c84ac                _atoi_r
 .text          0x102c84bc        0xc C:\Program Files (x86)\CodeSourcery\Sourcery_CodeBench_Lite_for_ARM_EABI/arm-none-eabi/lib/thumb/libc.a(lib_a-errno.o)
                0x102c84bc                __errno
 .text          0x102c84c8      0x10c C:\Program Files (x86)\CodeSourcery\Sourcery_CodeBench_Lite_for_ARM_EABI/arm-none-eabi/lib/thumb/libc.a(lib_a-memcpy.o)
                0x102c84c8                memcpy
 .text          0x102c85d4       0x9c C:\Program Files (x86)\CodeSourcery\Sourcery_CodeBench_Lite_for_ARM_EABI/arm-none-eabi/lib/thumb/libc.a(lib_a-memset.o)
                0x102c85d4                memset
 .text          0x102c8670       0xd4 C:\Program Files (x86)\CodeSourcery\Sourcery_CodeBench_Lite_for_ARM_EABI/arm-none-eabi/lib/thumb/libc.a(lib_a-strchr.o)
                0x102c8670                strchr
 .text          0x102c8744       0x10 C:\Program Files (x86)\CodeSourcery\Sourcery_CodeBench_Lite_for_ARM_EABI/arm-none-eabi/lib/thumb/libc.a(lib_a-strcpy.o)
                0x102c8744                strcpy
 .text          0x102c8754       0x10 C:\Program Files (x86)\CodeSourcery\Sourcery_CodeBench_Lite_for_ARM_EABI/arm-none-eabi/lib/thumb/libc.a(lib_a-strlen.o)
                0x102c8754                strlen
 .text          0x102c8764      0x4e8 C:\Program Files (x86)\CodeSourcery\Sourcery_CodeBench_Lite_for_ARM_EABI/arm-none-eabi/lib/thumb/libc.a(lib_a-strstr.o)
                0x102c8a28                strstr
 .text          0x102c8c4c       0x18 C:\Program Files (x86)\CodeSourcery\Sourcery_CodeBench_Lite_for_ARM_EABI/arm-none-eabi/lib/thumb/libc.a(lib_a-strtok.o)
                0x102c8c4c                strtok
 .text          0x102c8c64       0x7c C:\Program Files (x86)\CodeSourcery\Sourcery_CodeBench_Lite_for_ARM_EABI/arm-none-eabi/lib/thumb/libc.a(lib_a-strtok_r.o)
                0x102c8c64                __strtok_r
                0x102c8cd0                strtok_r
 .text          0x102c8ce0      0x190 C:\Program Files (x86)\CodeSourcery\Sourcery_CodeBench_Lite_for_ARM_EABI/arm-none-eabi/lib/thumb/libc.a(lib_a-strtol.o)
                0x102c8ce0                _strtol_r
                0x102c8e50                strtol
 .text          0x102c8e70       0x98 C:\Program Files (x86)\CodeSourcery\Sourcery_CodeBench_Lite_for_ARM_EABI/arm-none-eabi/lib/thumb/libc.a(lib_a-memchr.o)
                0x102c8e70                memchr
 .text          0x102c8f08       0x60 C:\Program Files (x86)\CodeSourcery\Sourcery_CodeBench_Lite_for_ARM_EABI/arm-none-eabi/lib/thumb/libc.a(lib_a-memcmp.o)
                0x102c8f08                memcmp
 .text          0x102c8f68      0x11c C:\Program Files (x86)\CodeSourcery\Sourcery_CodeBench_Lite_for_ARM_EABI/lib/gcc/arm-none-eabi/4.7.2/thumb/libgcc.a(_udivsi3.o)
                0x102c8f68                __aeabi_uidiv
                0x102c8f68                __udivsi3
                0x102c9064                __aeabi_uidivmod
 .text          0x102c9084      0x150 C:\Program Files (x86)\CodeSourcery\Sourcery_CodeBench_Lite_for_ARM_EABI/lib/gcc/arm-none-eabi/4.7.2/thumb/libgcc.a(_divsi3.o)
                0x102c9084                __divsi3
                0x102c9084                __aeabi_idiv
                0x102c91b4                __aeabi_idivmod
 .text          0x102c91d4        0x4 C:\Program Files (x86)\CodeSourcery\Sourcery_CodeBench_Lite_for_ARM_EABI/lib/gcc/arm-none-eabi/4.7.2/thumb/libgcc.a(_dvmd_tls.o)
                0x102c91d4                __aeabi_idiv0
                0x102c91d4                __aeabi_ldiv0
 .text          0x102c91d8      0x41c C:\Program Files (x86)\CodeSourcery\Sourcery_CodeBench_Lite_for_ARM_EABI/lib/gcc/arm-none-eabi/4.7.2/thumb/libgcc.a(_arm_addsubdf3.o)
                0x102c91d8                __aeabi_drsub
                0x102c91e0                __aeabi_dsub
                0x102c91e0                __subdf3
                0x102c91e4                __aeabi_dadd
                0x102c91e4                __adddf3
                0x102c94f4                __floatunsidf
                0x102c94f4                __aeabi_ui2d
                0x102c9518                __floatsidf
                0x102c9518                __aeabi_i2d
                0x102c9540                __aeabi_f2d
                0x102c9540                __extendsfdf2
                0x102c9580                __floatundidf
                0x102c9580                __aeabi_ul2d
                0x102c9594                __floatdidf
                0x102c9594                __aeabi_l2d
 .text          0x102c95f4      0x49c C:\Program Files (x86)\CodeSourcery\Sourcery_CodeBench_Lite_for_ARM_EABI/lib/gcc/arm-none-eabi/4.7.2/thumb/libgcc.a(_arm_muldivdf3.o)
                0x102c95f4                __aeabi_dmul
                0x102c95f4                __muldf3
                0x102c9884                __divdf3
                0x102c9884                __aeabi_ddiv
 .text          0x102c9a90      0x144 C:\Program Files (x86)\CodeSourcery\Sourcery_CodeBench_Lite_for_ARM_EABI/lib/gcc/arm-none-eabi/4.7.2/thumb/libgcc.a(_arm_cmpdf2.o)
                0x102c9a90                __gtdf2
                0x102c9a90                __gedf2
                0x102c9a98                __ltdf2
                0x102c9a98                __ledf2
                0x102c9aa0                __nedf2
                0x102c9aa0                __eqdf2
                0x102c9aa0                __cmpdf2
                0x102c9b28                __aeabi_cdrcmple
                0x102c9b44                __aeabi_cdcmpeq
                0x102c9b44                __aeabi_cdcmple
                0x102c9b5c                __aeabi_dcmpeq
                0x102c9b74                __aeabi_dcmplt
                0x102c9b8c                __aeabi_dcmple
                0x102c9ba4                __aeabi_dcmpge
                0x102c9bbc                __aeabi_dcmpgt
 .text          0x102c9bd4       0x5c C:\Program Files (x86)\CodeSourcery\Sourcery_CodeBench_Lite_for_ARM_EABI/lib/gcc/arm-none-eabi/4.7.2/thumb/libgcc.a(_arm_fixdfsi.o)
                0x102c9bd4                __aeabi_d2iz
                0x102c9bd4                __fixdfsi
 .text          0x102c9c30       0x54 C:\Program Files (x86)\CodeSourcery\Sourcery_CodeBench_Lite_for_ARM_EABI/lib/gcc/arm-none-eabi/4.7.2/thumb/libgcc.a(_arm_fixunsdfsi.o)
                0x102c9c30                __aeabi_d2uiz
                0x102c9c30                __fixunsdfsi
 .text          0x102c9c84       0xa0 C:\Program Files (x86)\CodeSourcery\Sourcery_CodeBench_Lite_for_ARM_EABI/lib/gcc/arm-none-eabi/4.7.2/thumb/libgcc.a(_arm_truncdfsf2.o)
                0x102c9c84                __truncdfsf2
                0x102c9c84                __aeabi_d2f
 *fill*         0x102c9d24        0x4 
 .text.__stub   0x102c9d28       0x64 linker stubs

.glue_7         0x102c9d90        0x0
 .glue_7        0x00000000        0x0 linker stubs

.glue_7t        0x102c9d90        0x0
 .glue_7t       0x00000000        0x0 linker stubs

.vfp11_veneer   0x102c9d90        0x0
 .vfp11_veneer  0x00000000        0x0 linker stubs

.v4_bx          0x102c9d90        0x0
 .v4_bx         0x00000000        0x0 linker stubs

.iplt           0x102c9d90        0x0
 .iplt          0x00000000        0x0 build\gcc\obj/custom/config/custom_sys_cfg.o

.text.Ql_RIL_AT_SetErrCode
                0x102c9d90       0x10
 .text.Ql_RIL_AT_SetErrCode
                0x102c9d90       0x10 build\gcc\obj/ril/src/ril_atResponse.o
                0x102c9d90                Ql_RIL_AT_SetErrCode

.text.Default_atRsp_callback
                0x102c9da0       0xcc
 .text.Default_atRsp_callback
                0x102c9da0       0xcc build\gcc\obj/ril/src/ril_atResponse.o
                0x102c9da0                Default_atRsp_callback

.text.BT_DevMngmt_Append
                0x102c9e6c       0x34
 .text.BT_DevMngmt_Append
                0x102c9e6c       0x34 build\gcc\obj/ril/src/ril_bluetooth.o

.text.BT_DevMngmt_isFull
                0x102c9ea0       0x40
 .text.BT_DevMngmt_isFull
                0x102c9ea0       0x40 build\gcc\obj/ril/src/ril_bluetooth.o

.text.ATRsp_QBTSTATE_Hdlr
                0x102c9ee0      0x444
 .text.ATRsp_QBTSTATE_Hdlr
                0x102c9ee0      0x444 build\gcc\obj/ril/src/ril_bluetooth.o

.text.BT_DevMngmt_UpdateProfileId.constprop.7
                0x102ca324       0x38
 .text.BT_DevMngmt_UpdateProfileId.constprop.7
                0x102ca324       0x38 build\gcc\obj/ril/src/ril_bluetooth.o

.text.BT_DevMngmt_UpdateConnId.constprop.8
                0x102ca35c       0x38
 .text.BT_DevMngmt_UpdateConnId.constprop.8
                0x102ca35c       0x38 build\gcc\obj/ril/src/ril_bluetooth.o

.text.OnURCHandler_BTVisible
                0x102ca394       0xe4
 .text.OnURCHandler_BTVisible
                0x102ca394       0xe4 build\gcc\obj/ril/src/ril_bluetooth.o
                0x102ca394                OnURCHandler_BTVisible

.text.OnURCHandler_BTScan
                0x102ca478      0x26c
 .text.OnURCHandler_BTScan
                0x102ca478      0x26c build\gcc\obj/ril/src/ril_bluetooth.o
                0x102ca478                OnURCHandler_BTScan

.text.RIL_BT_QueryState
                0x102ca6e4       0x68
 .text.RIL_BT_QueryState
                0x102ca6e4       0x68 build\gcc\obj/ril/src/ril_bluetooth.o
                0x102ca6e4                RIL_BT_QueryState

.text.OnURCHandler_BTPair
                0x102ca74c      0x208
 .text.OnURCHandler_BTPair
                0x102ca74c      0x208 build\gcc\obj/ril/src/ril_bluetooth.o
                0x102ca74c                OnURCHandler_BTPair

.text.OnURCHandler_BTPairCnf
                0x102ca954      0x22c
 .text.OnURCHandler_BTPairCnf
                0x102ca954      0x22c build\gcc\obj/ril/src/ril_bluetooth.o
                0x102ca954                OnURCHandler_BTPairCnf

.text.OnURCHandler_BTConn
                0x102cab80      0x234
 .text.OnURCHandler_BTConn
                0x102cab80      0x234 build\gcc\obj/ril/src/ril_bluetooth.o
                0x102cab80                OnURCHandler_BTConn

.text.OnURCHandler_BTConnCnf
                0x102cadb4      0x2bc
 .text.OnURCHandler_BTConnCnf
                0x102cadb4      0x2bc build\gcc\obj/ril/src/ril_bluetooth.o
                0x102cadb4                OnURCHandler_BTConnCnf

.text.OnURCHandler_BTDisconn
                0x102cb070      0x1b8
 .text.OnURCHandler_BTDisconn
                0x102cb070      0x1b8 build\gcc\obj/ril/src/ril_bluetooth.o
                0x102cb070                OnURCHandler_BTDisconn

.text.OnURCHandler_BTIndication
                0x102cb228      0x35c
 .text.OnURCHandler_BTIndication
                0x102cb228      0x35c build\gcc\obj/ril/src/ril_bluetooth.o
                0x102cb228                OnURCHandler_BTIndication

.text.Ql_RIL_RcvDataFrmCore
                0x102cb584       0x20
 .text.Ql_RIL_RcvDataFrmCore
                0x102cb584       0x20 build\gcc\obj/ril/src/ril_custom.o
                0x102cb584                Ql_RIL_RcvDataFrmCore

.text.OnURCHandler_QToneDet
                0x102cb5a4       0xf4
 .text.OnURCHandler_QToneDet
                0x102cb5a4       0xf4 build\gcc\obj/ril/src/ril_dtmf.o
                0x102cb5a4                OnURCHandler_QToneDet

.text.OnURCHandler_QWDTMF
                0x102cb698       0xa0
 .text.OnURCHandler_QWDTMF
                0x102cb698       0xa0 build\gcc\obj/ril/src/ril_dtmf.o
                0x102cb698                OnURCHandler_QWDTMF

.text.RIL_GetInitCmdCnt
                0x102cb738        0x8
 .text.RIL_GetInitCmdCnt
                0x102cb738        0x8 build\gcc\obj/ril/src/ril_init.o
                0x102cb738                RIL_GetInitCmdCnt

.text.RIL_GetLimitedCmdCnt
                0x102cb740        0x8
 .text.RIL_GetLimitedCmdCnt
                0x102cb740        0x8 build\gcc\obj/ril/src/ril_init.o
                0x102cb740                RIL_GetLimitedCmdCnt

.text.RIL_GetLocation
                0x102cb748       0xd4
 .text.RIL_GetLocation
                0x102cb748       0xd4 build\gcc\obj/ril/src/ril_location.o
                0x102cb748                RIL_GetLocation

.text.OnURCHandler_QCELLLocation
                0x102cb81c      0x148
 .text.OnURCHandler_QCELLLocation
                0x102cb81c      0x148 build\gcc\obj/ril/src/ril_location.o
                0x102cb81c                OnURCHandler_QCELLLocation

.text.ATResponse_QMTPUB_handler
                0x102cb964       0xb4
 .text.ATResponse_QMTPUB_handler
                0x102cb964       0xb4 build\gcc\obj/ril/src/ril_mqtt.o

.text.ATResponse_Handler
                0x102cba18       0x9c
 .text.ATResponse_Handler
                0x102cba18       0x9c build\gcc\obj/ril/src/ril_mqtt.o

.text.RIL_MQTT_QMTCFG_Showrecvlen
                0x102cbab4       0x88
 .text.RIL_MQTT_QMTCFG_Showrecvlen
                0x102cbab4       0x88 build\gcc\obj/ril/src/ril_mqtt.o
                0x102cbab4                RIL_MQTT_QMTCFG_Showrecvlen

.text.RIL_MQTT_QMTCFG_Version_Select
                0x102cbb3c       0x88
 .text.RIL_MQTT_QMTCFG_Version_Select
                0x102cbb3c       0x88 build\gcc\obj/ril/src/ril_mqtt.o
                0x102cbb3c                RIL_MQTT_QMTCFG_Version_Select

.text.RIL_MQTT_QMTOPEN
                0x102cbbc4       0x90
 .text.RIL_MQTT_QMTOPEN
                0x102cbbc4       0x90 build\gcc\obj/ril/src/ril_mqtt.o
                0x102cbbc4                RIL_MQTT_QMTOPEN

.text.RIL_MQTT_QMTCONN
                0x102cbc54       0xc0
 .text.RIL_MQTT_QMTCONN
                0x102cbc54       0xc0 build\gcc\obj/ril/src/ril_mqtt.o
                0x102cbc54                RIL_MQTT_QMTCONN

.text.RIL_MQTT_QMTSUB
                0x102cbd14      0x194
 .text.RIL_MQTT_QMTSUB
                0x102cbd14      0x194 build\gcc\obj/ril/src/ril_mqtt.o
                0x102cbd14                RIL_MQTT_QMTSUB

.text.RIL_MQTT_QMTPUB
                0x102cbea8      0x108
 .text.RIL_MQTT_QMTPUB
                0x102cbea8      0x108 build\gcc\obj/ril/src/ril_mqtt.o
                0x102cbea8                RIL_MQTT_QMTPUB

.text.ATRsp_QIDEACT_Hdlr
                0x102cbfb0       0x54
 .text.ATRsp_QIDEACT_Hdlr
                0x102cbfb0       0x54 build\gcc\obj/ril/src/ril_network.o

.text.ATResponse_CSQ_Handler
                0x102cc004       0xc8
 .text.ATResponse_CSQ_Handler
                0x102cc004       0xc8 build\gcc\obj/ril/src/ril_network.o

.text.RIL_NW_GetSignalQuality
                0x102cc0cc       0x98
 .text.RIL_NW_GetSignalQuality
                0x102cc0cc       0x98 build\gcc\obj/ril/src/ril_network.o
                0x102cc0cc                RIL_NW_GetSignalQuality

.text.RIL_NW_SetGPRSContext
                0x102cc164       0x7c
 .text.RIL_NW_SetGPRSContext
                0x102cc164       0x7c build\gcc\obj/ril/src/ril_network.o
                0x102cc164                RIL_NW_SetGPRSContext

.text.RIL_NW_SetAPN
                0x102cc1e0      0x10c
 .text.RIL_NW_SetAPN
                0x102cc1e0      0x10c build\gcc\obj/ril/src/ril_network.o
                0x102cc1e0                RIL_NW_SetAPN

.text.RIL_NW_OpenPDPContext
                0x102cc2ec       0xb0
 .text.RIL_NW_OpenPDPContext
                0x102cc2ec       0xb0 build\gcc\obj/ril/src/ril_network.o
                0x102cc2ec                RIL_NW_OpenPDPContext

.text.RIL_NW_ClosePDPContext
                0x102cc39c       0x70
 .text.RIL_NW_ClosePDPContext
                0x102cc39c       0x70 build\gcc\obj/ril/src/ril_network.o
                0x102cc39c                RIL_NW_ClosePDPContext

.text.OnURCHandler_NTPCMD
                0x102cc40c       0x6c
 .text.OnURCHandler_NTPCMD
                0x102cc40c       0x6c build\gcc\obj/ril/src/ril_ntp.o
                0x102cc40c                OnURCHandler_NTPCMD

.text.RIL_SIM_GetSimStateByName
                0x102cc478      0x170
 .text.RIL_SIM_GetSimStateByName
                0x102cc478      0x170 build\gcc\obj/ril/src/ril_sim.o
                0x102cc478                RIL_SIM_GetSimStateByName

.text.CmdGetStorageInfo
                0x102cc5e8       0xe4
 .text.CmdGetStorageInfo
                0x102cc5e8       0xe4 build\gcc\obj/ril/src/ril_sms.o

.text.SMS_CMD_GeneralHandler
                0x102cc6cc      0x4f8
 .text.SMS_CMD_GeneralHandler
                0x102cc6cc      0x4f8 build\gcc\obj/ril/src/ril_sms.o

.text.CmdSendPDUMsg
                0x102ccbc4      0x180
 .text.CmdSendPDUMsg
                0x102ccbc4      0x180 build\gcc\obj/ril/src/ril_sms.o

.text.CmdReadPDUMsg
                0x102ccd44      0x130
 .text.CmdReadPDUMsg
                0x102ccd44      0x130 build\gcc\obj/ril/src/ril_sms.o

.text.ConvStringToPhoneNumber
                0x102cce74       0xf0
 .text.ConvStringToPhoneNumber
                0x102cce74       0xf0 build\gcc\obj/ril/src/ril_sms.o

.text.ConvPhoneNumberToString.constprop.4
                0x102ccf64       0xc4
 .text.ConvPhoneNumberToString.constprop.4
                0x102ccf64       0xc4 build\gcc\obj/ril/src/ril_sms.o

.text.RIL_SMS_ReadSMS_Text
                0x102cd028      0x360
 .text.RIL_SMS_ReadSMS_Text
                0x102cd028      0x360 build\gcc\obj/ril/src/ril_sms.o
                0x102cd028                RIL_SMS_ReadSMS_Text

.text.RIL_SMS_SendSMS_Text
                0x102cd388      0x290
 .text.RIL_SMS_SendSMS_Text
                0x102cd388      0x290 build\gcc\obj/ril/src/ril_sms.o
                0x102cd388                RIL_SMS_SendSMS_Text

.text.RIL_SMS_DeleteSMS
                0x102cd618      0x114
 .text.RIL_SMS_DeleteSMS
                0x102cd618      0x114 build\gcc\obj/ril/src/ril_sms.o
                0x102cd618                RIL_SMS_DeleteSMS

.text.QSDK_Get_Str
                0x102cd72c       0xd0
 .text.QSDK_Get_Str
                0x102cd72c       0xd0 build\gcc\obj/ril/src/ril_system.o
                0x102cd72c                QSDK_Get_Str

.text.QSDK_Get_Strlen
                0x102cd7fc       0x68
 .text.QSDK_Get_Strlen
                0x102cd7fc       0x68 build\gcc\obj/ril/src/ril_system.o
                0x102cd7fc                QSDK_Get_Strlen

.text.OnURCHandler_HTTP
                0x102cd864       0x6c
 .text.OnURCHandler_HTTP
                0x102cd864       0x6c build\gcc\obj/ril/src/ril_urc.o

.text.OnURCHandler_AudPlayInd
                0x102cd8d0       0x50
 .text.OnURCHandler_AudPlayInd
                0x102cd8d0       0x50 build\gcc\obj/ril/src/ril_urc.o

.text.OnURCHandler_MQTT_DISC
                0x102cd920      0x124
 .text.OnURCHandler_MQTT_DISC
                0x102cd920      0x124 build\gcc\obj/ril/src/ril_urc.o

.text.OnURCHandler_MQTT_CLOSE
                0x102cda44      0x124
 .text.OnURCHandler_MQTT_CLOSE
                0x102cda44      0x124 build\gcc\obj/ril/src/ril_urc.o

.text.OnURCHandler_MQTT_STATE
                0x102cdb68       0xf8
 .text.OnURCHandler_MQTT_STATE
                0x102cdb68       0xf8 build\gcc\obj/ril/src/ril_urc.o

.text.OnURCHandler_MQTT_TUNS
                0x102cdc60      0x124
 .text.OnURCHandler_MQTT_TUNS
                0x102cdc60      0x124 build\gcc\obj/ril/src/ril_urc.o

.text.OnURCHandler_MQTT_PUB
                0x102cdd84      0x164
 .text.OnURCHandler_MQTT_PUB
                0x102cdd84      0x164 build\gcc\obj/ril/src/ril_urc.o

.text.OnURCHandler_MQTT_SUB
                0x102cdee8      0x184
 .text.OnURCHandler_MQTT_SUB
                0x102cdee8      0x184 build\gcc\obj/ril/src/ril_urc.o

.text.OnURCHandler_MQTT_CONN
                0x102ce06c      0x138
 .text.OnURCHandler_MQTT_CONN
                0x102ce06c      0x138 build\gcc\obj/ril/src/ril_urc.o

.text.OnURCHandler_MQTT_OPEN
                0x102ce1a4       0xf8
 .text.OnURCHandler_MQTT_OPEN
                0x102ce1a4       0xf8 build\gcc\obj/ril/src/ril_urc.o

.text.OnURCHandler_AlarmRing
                0x102ce29c       0x28
 .text.OnURCHandler_AlarmRing
                0x102ce29c       0x28 build\gcc\obj/ril/src/ril_urc.o

.text.OnURCHandler_InitStat
                0x102ce2c4       0x68
 .text.OnURCHandler_InitStat
                0x102ce2c4       0x68 build\gcc\obj/ril/src/ril_urc.o

.text.OnURCHandler_FTP
                0x102ce32c      0x178
 .text.OnURCHandler_FTP
                0x102ce32c      0x178 build\gcc\obj/ril/src/ril_urc.o

.text.OnURCHandler_CFUN
                0x102ce4a4       0xc0
 .text.OnURCHandler_CFUN
                0x102ce4a4       0xc0 build\gcc\obj/ril/src/ril_urc.o

.text.OnURCHandler_Voltage
                0x102ce564       0xa4
 .text.OnURCHandler_Voltage
                0x102ce564       0xa4 build\gcc\obj/ril/src/ril_urc.o

.text.OnURCHandler_Network
                0x102ce608      0x178
 .text.OnURCHandler_Network
                0x102ce608      0x178 build\gcc\obj/ril/src/ril_urc.o

.text.OnURCHandler_Call
                0x102ce780      0x28c
 .text.OnURCHandler_Call
                0x102ce780      0x28c build\gcc\obj/ril/src/ril_urc.o

.text.OnURCHandler_SIM
                0x102cea0c      0x100
 .text.OnURCHandler_SIM
                0x102cea0c      0x100 build\gcc\obj/ril/src/ril_urc.o

.text.OnURCHandler_SMS
                0x102ceb0c      0x138
 .text.OnURCHandler_SMS
                0x102ceb0c      0x138 build\gcc\obj/ril/src/ril_urc.o

.text.OnURCHandler
                0x102cec44       0xc0
 .text.OnURCHandler
                0x102cec44       0xc0 build\gcc\obj/ril/src/ril_urc.o
                0x102cec44                OnURCHandler

.text.Ql_RIL_IsURCStr
                0x102ced04       0x80
 .text.Ql_RIL_IsURCStr
                0x102ced04       0x80 build\gcc\obj/ril/src/ril_urc.o
                0x102ced04                Ql_RIL_IsURCStr

.text.Ql_StrPrefixMatch
                0x102ced84       0x48
 .text.Ql_StrPrefixMatch
                0x102ced84       0x48 build\gcc\obj/ril/src/ril_util.o
                0x102ced84                Ql_StrPrefixMatch

.text.Ql_StrToUpper
                0x102cedcc       0x44
 .text.Ql_StrToUpper
                0x102cedcc       0x44 build\gcc\obj/ril/src/ril_util.o
                0x102cedcc                Ql_StrToUpper

.text.Ql_RIL_FindString
                0x102cee10       0x90
 .text.Ql_RIL_FindString
                0x102cee10       0x90 build\gcc\obj/ril/src/ril_util.o
                0x102cee10                Ql_RIL_FindString

.text.Ql_RIL_FindLine
                0x102ceea0      0x278
 .text.Ql_RIL_FindLine
                0x102ceea0      0x278 build\gcc\obj/ril/src/ril_util.o
                0x102ceea0                Ql_RIL_FindLine

.text.Ql_GenHash
                0x102cf118       0x4c
 .text.Ql_GenHash
                0x102cf118       0x4c build\gcc\obj/ril/src/ril_util.o
                0x102cf118                Ql_GenHash

.text.Callback_Location
                0x102cf164       0x1c
 .text.Callback_Location
                0x102cf164       0x1c build\gcc\obj/example/GSR_V_0.0.5.o

.text.Callback_GPRS_Deactived
                0x102cf180      0x100
 .text.Callback_GPRS_Deactived
                0x102cf180      0x100 build\gcc\obj/example/GSR_V_0.0.5.o

.text.GPRS_TCP_Program
                0x102cf280      0x7d8
 .text.GPRS_TCP_Program
                0x102cf280      0x7d8 build\gcc\obj/example/GSR_V_0.0.5.o

.text.Callback_Socket_Close
                0x102cfa58      0x170
 .text.Callback_Socket_Close
                0x102cfa58      0x170 build\gcc\obj/example/GSR_V_0.0.5.o

.text.Callback_GPRS_Actived
                0x102cfbc8      0x698
 .text.Callback_GPRS_Actived
                0x102cfbc8      0x698 build\gcc\obj/example/GSR_V_0.0.5.o

.text.SOC_CONNECT_TO_SERVER
                0x102d0260      0x610
 .text.SOC_CONNECT_TO_SERVER
                0x102d0260      0x610 build\gcc\obj/example/GSR_V_0.0.5.o

.text.Callback_Socket_Write
                0x102d0870       0xd4
 .text.Callback_Socket_Write
                0x102d0870       0xd4 build\gcc\obj/example/GSR_V_0.0.5.o

.text.Callback_Socket_Connect
                0x102d0944      0x164
 .text.Callback_Socket_Connect
                0x102d0944      0x164 build\gcc\obj/example/GSR_V_0.0.5.o
                0x102d0944                Callback_Socket_Connect

.text.SET_SUB_TOPIC_DETAILS
                0x102d0aa8       0x78
 .text.SET_SUB_TOPIC_DETAILS
                0x102d0aa8       0x78 build\gcc\obj/example/GSR_V_0.0.5.o
                0x102d0aa8                SET_SUB_TOPIC_DETAILS

.text.WRITE_DATA_TO_UFS
                0x102d0b20      0x308
 .text.WRITE_DATA_TO_UFS
                0x102d0b20      0x308 build\gcc\obj/example/GSR_V_0.0.5.o
                0x102d0b20                WRITE_DATA_TO_UFS

.text.SEND_SMS  0x102d0e28      0x168
 .text.SEND_SMS
                0x102d0e28      0x168 build\gcc\obj/example/GSR_V_0.0.5.o
                0x102d0e28                SEND_SMS

.text.Hdlr_RecvNewSMS.isra.3
                0x102d0f90     0x2d00
 .text.Hdlr_RecvNewSMS.isra.3
                0x102d0f90     0x2d00 build\gcc\obj/example/GSR_V_0.0.5.o

.text.Callback_UART_Hdlr_Main_Port.part.4
                0x102d3c90     0x1e6c
 .text.Callback_UART_Hdlr_Main_Port.part.4
                0x102d3c90     0x1e6c build\gcc\obj/example/GSR_V_0.0.5.o

.text.Callback_UART_Hdlr_Main_Port
                0x102d5afc       0x70
 .text.Callback_UART_Hdlr_Main_Port
                0x102d5afc       0x70 build\gcc\obj/example/GSR_V_0.0.5.o

.text.SET_MODBUS_PARAMETER
                0x102d5b6c       0x4c
 .text.SET_MODBUS_PARAMETER
                0x102d5b6c       0x4c build\gcc\obj/example/GSR_V_0.0.5.o
                0x102d5b6c                SET_MODBUS_PARAMETER

.text.TIMER_INIITIALIZE
                0x102d5bb8      0x2e4
 .text.TIMER_INIITIALIZE
                0x102d5bb8      0x2e4 build\gcc\obj/example/GSR_V_0.0.5.o
                0x102d5bb8                TIMER_INIITIALIZE

.text.TIMER_INIITIALIZE_SUBTASK2
                0x102d5e9c      0x180
 .text.TIMER_INIITIALIZE_SUBTASK2
                0x102d5e9c      0x180 build\gcc\obj/example/GSR_V_0.0.5.o
                0x102d5e9c                TIMER_INIITIALIZE_SUBTASK2

.text.proc_subtask1
                0x102d601c      0x434
 .text.proc_subtask1
                0x102d601c      0x434 build\gcc\obj/example/GSR_V_0.0.5.o
                0x102d601c                proc_subtask1

.text.SYSTEM_INITIALIZE
                0x102d6450      0x29c
 .text.SYSTEM_INITIALIZE
                0x102d6450      0x29c build\gcc\obj/example/GSR_V_0.0.5.o
                0x102d6450                SYSTEM_INITIALIZE

.text.FOTA_upgrade
                0x102d66ec       0xb4
 .text.FOTA_upgrade
                0x102d66ec       0xb4 build\gcc\obj/example/GSR_V_0.0.5.o
                0x102d66ec                FOTA_upgrade

.text.COMPARE_TIMESTAMP_FOR_SUB_MSG
                0x102d67a0      0x19c
 .text.COMPARE_TIMESTAMP_FOR_SUB_MSG
                0x102d67a0      0x19c build\gcc\obj/example/GSR_V_0.0.5.o
                0x102d67a0                COMPARE_TIMESTAMP_FOR_SUB_MSG

.text.DEVICE_PARAMETER_CONFIGURATION
                0x102d693c      0xd24
 .text.DEVICE_PARAMETER_CONFIGURATION
                0x102d693c      0xd24 build\gcc\obj/example/GSR_V_0.0.5.o
                0x102d693c                DEVICE_PARAMETER_CONFIGURATION

.text.mqtt_recv
                0x102d7660      0x258
 .text.mqtt_recv
                0x102d7660      0x258 build\gcc\obj/example/GSR_V_0.0.5.o

.text.STORE_TIME_TO_MEMORY
                0x102d78b8      0x160
 .text.STORE_TIME_TO_MEMORY
                0x102d78b8      0x160 build\gcc\obj/example/GSR_V_0.0.5.o
                0x102d78b8                STORE_TIME_TO_MEMORY

.text.Sync_NetworkTime
                0x102d7a18      0x100
 .text.Sync_NetworkTime
                0x102d7a18      0x100 build\gcc\obj/example/GSR_V_0.0.5.o
                0x102d7a18                Sync_NetworkTime

.text.GET_Present_Time
                0x102d7b18      0x1d8
 .text.GET_Present_Time
                0x102d7b18      0x1d8 build\gcc\obj/example/GSR_V_0.0.5.o
                0x102d7b18                GET_Present_Time

.text.Set_LocalTime
                0x102d7cf0      0x354
 .text.Set_LocalTime
                0x102d7cf0      0x354 build\gcc\obj/example/GSR_V_0.0.5.o
                0x102d7cf0                Set_LocalTime

.text.ATResponse_Sync_NetworkTime_handler
                0x102d8044       0x80
 .text.ATResponse_Sync_NetworkTime_handler
                0x102d8044       0x80 build\gcc\obj/example/GSR_V_0.0.5.o

.text.PORT_VALUE_CAL
                0x102d80c4       0x34
 .text.PORT_VALUE_CAL
                0x102d80c4       0x34 build\gcc\obj/example/GSR_V_0.0.5.o
                0x102d80c4                PORT_VALUE_CAL

.text.CONVERT_TIME_BUFFER_TO_SECONDS_VALUE
                0x102d80f8       0x40
 .text.CONVERT_TIME_BUFFER_TO_SECONDS_VALUE
                0x102d80f8       0x40 build\gcc\obj/example/GSR_V_0.0.5.o
                0x102d80f8                CONVERT_TIME_BUFFER_TO_SECONDS_VALUE

.text.READ_DATA_FROM_UFS
                0x102d8138     0x1944
 .text.READ_DATA_FROM_UFS
                0x102d8138     0x1944 build\gcc\obj/example/GSR_V_0.0.5.o
                0x102d8138                READ_DATA_FROM_UFS

.text.SEPARATE_MODBUS_DATA
                0x102d9a7c      0x314
 .text.SEPARATE_MODBUS_DATA
                0x102d9a7c      0x314 build\gcc\obj/example/GSR_V_0.0.5.o
                0x102d9a7c                SEPARATE_MODBUS_DATA

.text.Callback_Socket_Read.part.7
                0x102d9d90      0x6c8
 .text.Callback_Socket_Read.part.7
                0x102d9d90      0x6c8 build\gcc\obj/example/GSR_V_0.0.5.o

.text.Callback_Socket_Read
                0x102da458       0xa4
 .text.Callback_Socket_Read
                0x102da458       0xa4 build\gcc\obj/example/GSR_V_0.0.5.o

.text.WTD_Init  0x102da4fc       0x88
 .text.WTD_Init
                0x102da4fc       0x88 build\gcc\obj/example/GSR_V_0.0.5.o
                0x102da4fc                WTD_Init

.text.proc_main_task
                0x102da584     0x1494
 .text.proc_main_task
                0x102da584     0x1494 build\gcc\obj/example/GSR_V_0.0.5.o
                0x102da584                proc_main_task

.text.CAPTURE_DATA_FOR_PAYLOAD
                0x102dba18      0x510
 .text.CAPTURE_DATA_FOR_PAYLOAD
                0x102dba18      0x510 build\gcc\obj/example/GSR_V_0.0.5.o
                0x102dba18                CAPTURE_DATA_FOR_PAYLOAD

.text.PAYLOAD_FORMATION_FOR_SENDING
                0x102dbf28      0x20c
 .text.PAYLOAD_FORMATION_FOR_SENDING
                0x102dbf28      0x20c build\gcc\obj/example/GSR_V_0.0.5.o
                0x102dbf28                PAYLOAD_FORMATION_FOR_SENDING

.text.SendEvent2SubTask
                0x102dc134       0xb0
 .text.SendEvent2SubTask
                0x102dc134       0xb0 build\gcc\obj/example/GSR_V_0.0.5.o
                0x102dc134                SendEvent2SubTask

.text.DECIMAL_TO_HEX
                0x102dc1e4       0x14
 .text.DECIMAL_TO_HEX
                0x102dc1e4       0x14 build\gcc\obj/example/GSR_V_0.0.5.o
                0x102dc1e4                DECIMAL_TO_HEX

.text.CALCULATE_CRC
                0x102dc1f8      0x1e8
 .text.CALCULATE_CRC
                0x102dc1f8      0x1e8 build\gcc\obj/example/GSR_V_0.0.5.o
                0x102dc1f8                CALCULATE_CRC

.text.MODBUS_WRITE_QUERIES
                0x102dc3e0      0x244
 .text.MODBUS_WRITE_QUERIES
                0x102dc3e0      0x244 build\gcc\obj/example/GSR_V_0.0.5.o
                0x102dc3e0                MODBUS_WRITE_QUERIES

.text.TIMER_HANDLER
                0x102dc624      0xd9c
 .text.TIMER_HANDLER
                0x102dc624      0xd9c build\gcc\obj/example/GSR_V_0.0.5.o

.text.CREATE_AND_SEND_MODBUS_DATA
                0x102dd3c0      0x19c
 .text.CREATE_AND_SEND_MODBUS_DATA
                0x102dd3c0      0x19c build\gcc\obj/example/GSR_V_0.0.5.o
                0x102dd3c0                CREATE_AND_SEND_MODBUS_DATA

.text.MODBUS_READ_QURIES
                0x102dd55c      0x298
 .text.MODBUS_READ_QURIES
                0x102dd55c      0x298 build\gcc\obj/example/GSR_V_0.0.5.o
                0x102dd55c                MODBUS_READ_QURIES

.text.TIMER_HANDLER_SUBTASK1
                0x102dd7f4      0x5dc
 .text.TIMER_HANDLER_SUBTASK1
                0x102dd7f4      0x5dc build\gcc\obj/example/GSR_V_0.0.5.o

.text.MODBUS_RESPONSE_CHECK
                0x102dddd0      0x738
 .text.MODBUS_RESPONSE_CHECK
                0x102dddd0      0x738 build\gcc\obj/example/GSR_V_0.0.5.o
                0x102dddd0                MODBUS_RESPONSE_CHECK

.text.Callback_UART_Hdlr_Modbus_Port
                0x102de508      0x158
 .text.Callback_UART_Hdlr_Modbus_Port
                0x102de508      0x158 build\gcc\obj/example/GSR_V_0.0.5.o

.text.Ql_FS_Open
                0x102de660       0x68
 .text.Ql_FS_Open
                0x102de660       0x68 libs/gcc/app_start.lib(fileSys.o)
                0x102de660                Ql_FS_Open

.text.Ql_FS_Read
                0x102de6c8       0x78
 .text.Ql_FS_Read
                0x102de6c8       0x78 libs/gcc/app_start.lib(fileSys.o)
                0x102de6c8                Ql_FS_Read

.text.Ql_FS_Write
                0x102de740       0x78
 .text.Ql_FS_Write
                0x102de740       0x78 libs/gcc/app_start.lib(fileSys.o)
                0x102de740                Ql_FS_Write

.text.Ql_FS_Seek
                0x102de7b8       0x70
 .text.Ql_FS_Seek
                0x102de7b8       0x70 libs/gcc/app_start.lib(fileSys.o)
                0x102de7b8                Ql_FS_Seek

.text.Ql_FS_GetFilePosition
                0x102de828       0x60
 .text.Ql_FS_GetFilePosition
                0x102de828       0x60 libs/gcc/app_start.lib(fileSys.o)
                0x102de828                Ql_FS_GetFilePosition

.text.Ql_FS_Truncate
                0x102de888       0x60
 .text.Ql_FS_Truncate
                0x102de888       0x60 libs/gcc/app_start.lib(fileSys.o)
                0x102de888                Ql_FS_Truncate

.text.Ql_FS_Flush
                0x102de8e8       0x54
 .text.Ql_FS_Flush
                0x102de8e8       0x54 libs/gcc/app_start.lib(fileSys.o)
                0x102de8e8                Ql_FS_Flush

.text.Ql_FS_Close
                0x102de93c       0x54
 .text.Ql_FS_Close
                0x102de93c       0x54 libs/gcc/app_start.lib(fileSys.o)
                0x102de93c                Ql_FS_Close

.text.Ql_FS_Check
                0x102de990       0x60
 .text.Ql_FS_Check
                0x102de990       0x60 libs/gcc/app_start.lib(fileSys.o)
                0x102de990                Ql_FS_Check

.text.Ql_FS_CreateDir
                0x102de9f0       0x60
 .text.Ql_FS_CreateDir
                0x102de9f0       0x60 libs/gcc/app_start.lib(fileSys.o)
                0x102de9f0                Ql_FS_CreateDir

.text.Ql_FS_CheckDir
                0x102dea50       0x60
 .text.Ql_FS_CheckDir
                0x102dea50       0x60 libs/gcc/app_start.lib(fileSys.o)
                0x102dea50                Ql_FS_CheckDir

.text.Ql_FS_GetFreeSpace
                0x102deab0       0x74
 .text.Ql_FS_GetFreeSpace
                0x102deab0       0x74 libs/gcc/app_start.lib(fileSys.o)
                0x102deab0                Ql_FS_GetFreeSpace

.text.Ql_FS_GetTotalSpace
                0x102deb24       0x74
 .text.Ql_FS_GetTotalSpace
                0x102deb24       0x74 libs/gcc/app_start.lib(fileSys.o)
                0x102deb24                Ql_FS_GetTotalSpace

.text.Ql_GPRS_GetPDPCntxtState
                0x102deb98       0x60
 .text.Ql_GPRS_GetPDPCntxtState
                0x102deb98       0x60 libs/gcc/app_start.lib(gprs.o)
                0x102deb98                Ql_GPRS_GetPDPCntxtState

.text.Ql_GPRS_GetPDPContextId
                0x102debf8       0x60
 .text.Ql_GPRS_GetPDPContextId
                0x102debf8       0x60 libs/gcc/app_start.lib(gprs.o)
                0x102debf8                Ql_GPRS_GetPDPContextId

.text.Ql_GPRS_Config
                0x102dec58       0x68
 .text.Ql_GPRS_Config
                0x102dec58       0x68 libs/gcc/app_start.lib(gprs.o)
                0x102dec58                Ql_GPRS_Config

.text.Ql_GPRS_Register
                0x102decc0       0x70
 .text.Ql_GPRS_Register
                0x102decc0       0x70 libs/gcc/app_start.lib(gprs.o)
                0x102decc0                Ql_GPRS_Register

.text.Ql_GPRS_Activate
                0x102ded30       0x60
 .text.Ql_GPRS_Activate
                0x102ded30       0x60 libs/gcc/app_start.lib(gprs.o)
                0x102ded30                Ql_GPRS_Activate

.text.Ql_GPRS_Deactivate
                0x102ded90       0x60
 .text.Ql_GPRS_Deactivate
                0x102ded90       0x60 libs/gcc/app_start.lib(gprs.o)
                0x102ded90                Ql_GPRS_Deactivate

.text.Ql_GPRS_DeactivateEx
                0x102dedf0       0x68
 .text.Ql_GPRS_DeactivateEx
                0x102dedf0       0x68 libs/gcc/app_start.lib(gprs.o)
                0x102dedf0                Ql_GPRS_DeactivateEx

.text.EncodeAddress
                0x102dee58      0x228
 .text.EncodeAddress
                0x102dee58      0x228 libs/gcc/app_start.lib(lib_ril_sms.o)

.text.DecodeUserDataHeader
                0x102df080       0xb8
 .text.DecodeUserDataHeader
                0x102df080       0xb8 libs/gcc/app_start.lib(lib_ril_sms.o)

.text.EncodeGSM7Bit.part.2
                0x102df138       0xd4
 .text.EncodeGSM7Bit.part.2
                0x102df138       0xd4 libs/gcc/app_start.lib(lib_ril_sms.o)

.text.DecodeGSM7Bit
                0x102df20c      0x148
 .text.DecodeGSM7Bit
                0x102df20c      0x148 libs/gcc/app_start.lib(lib_ril_sms.o)

.text.DecodeAddress
                0x102df354      0x218
 .text.DecodeAddress
                0x102df354      0x218 libs/gcc/app_start.lib(lib_ril_sms.o)

.text.DecordUserDataBody.part.5
                0x102df56c      0x180
 .text.DecordUserDataBody.part.5
                0x102df56c      0x180 libs/gcc/app_start.lib(lib_ril_sms.o)

.text.DecodeTimeStamp.constprop.8
                0x102df6ec       0xfc
 .text.DecodeTimeStamp.constprop.8
                0x102df6ec       0xfc libs/gcc/app_start.lib(lib_ril_sms.o)

.text.LIB_SMS_IsValidHexStr
                0x102df7e8       0x54
 .text.LIB_SMS_IsValidHexStr
                0x102df7e8       0x54 libs/gcc/app_start.lib(lib_ril_sms.o)
                0x102df7e8                LIB_SMS_IsValidHexStr

.text.LIB_SMS_ConvHexOctToHexStr
                0x102df83c       0xa8
 .text.LIB_SMS_ConvHexOctToHexStr
                0x102df83c       0xa8 libs/gcc/app_start.lib(lib_ril_sms.o)
                0x102df83c                LIB_SMS_ConvHexOctToHexStr

.text.LIB_SMS_ConvHexStrToHexOct
                0x102df8e4       0xe8
 .text.LIB_SMS_ConvHexStrToHexOct
                0x102df8e4       0xe8 libs/gcc/app_start.lib(lib_ril_sms.o)
                0x102df8e4                LIB_SMS_ConvHexStrToHexOct

.text.LIB_SMS_DecodeDCS
                0x102df9cc      0x164
 .text.LIB_SMS_DecodeDCS
                0x102df9cc      0x164 libs/gcc/app_start.lib(lib_ril_sms.o)
                0x102df9cc                LIB_SMS_DecodeDCS

.text.LIB_SMS_ConvAlphaToCharSet
                0x102dfb30      0x43c
 .text.LIB_SMS_ConvAlphaToCharSet
                0x102dfb30      0x43c libs/gcc/app_start.lib(lib_ril_sms.o)
                0x102dfb30                LIB_SMS_ConvAlphaToCharSet

.text.LIB_SMS_ConvCharSetToAlpha
                0x102dff6c      0x7b4
 .text.LIB_SMS_ConvCharSetToAlpha
                0x102dff6c      0x7b4 libs/gcc/app_start.lib(lib_ril_sms.o)
                0x102dff6c                LIB_SMS_ConvCharSetToAlpha

.text.LIB_SMS_DecodePDUStr
                0x102e0720      0x500
 .text.LIB_SMS_DecodePDUStr
                0x102e0720      0x500 libs/gcc/app_start.lib(lib_ril_sms.o)
                0x102e0720                LIB_SMS_DecodePDUStr

.text.LIB_SMS_EncodeSubmitPDU
                0x102e0c20      0x730
 .text.LIB_SMS_EncodeSubmitPDU
                0x102e0c20      0x730 libs/gcc/app_start.lib(lib_ril_sms.o)
                0x102e0c20                LIB_SMS_EncodeSubmitPDU

.text.Ql_MEM_Alloc
                0x102e1350       0x78
 .text.Ql_MEM_Alloc
                0x102e1350       0x78 libs/gcc/app_start.lib(memory.o)
                0x102e1350                Ql_MEM_Alloc

.text.Ql_MEM_Free
                0x102e13c8       0x74
 .text.Ql_MEM_Free
                0x102e13c8       0x74 libs/gcc/app_start.lib(memory.o)
                0x102e13c8                Ql_MEM_Free

.text.ql_InitVFunc
                0x102e143c       0xd8
 .text.ql_InitVFunc
                0x102e143c       0xd8 libs/gcc/app_start.lib(ql_main.o)
                0x102e143c                ql_InitVFunc

.text.ocpu_main
                0x102e1514       0xf0
 .text.ocpu_main
                0x102e1514       0xf0 libs/gcc/app_start.lib(ql_main.o)
                0x102e1514                ocpu_main

.text.proc_reserved2
                0x102e1604       0x70
 .text.proc_reserved2
                0x102e1604       0x70 libs/gcc/app_start.lib(ril_aux.o)
                0x102e1604                proc_reserved2

.text.ril_StopATTimer
                0x102e1674       0x34
 .text.ril_StopATTimer
                0x102e1674       0x34 libs/gcc/app_start.lib(ril_main.o)

.text.Callback_OnATTimer
                0x102e16a8       0x4c
 .text.Callback_OnATTimer
                0x102e16a8       0x4c libs/gcc/app_start.lib(ril_main.o)

.text.CallBack_SerialPort_Hdlr
                0x102e16f4      0x438
 .text.CallBack_SerialPort_Hdlr
                0x102e16f4      0x438 libs/gcc/app_start.lib(ril_main.o)

.text.proc_reserved1
                0x102e1b2c      0x200
 .text.proc_reserved1
                0x102e1b2c      0x200 libs/gcc/app_start.lib(ril_main.o)
                0x102e1b2c                proc_reserved1

.text.Ql_RIL_Initialize
                0x102e1d2c       0xd4
 .text.Ql_RIL_Initialize
                0x102e1d2c       0xd4 libs/gcc/app_start.lib(ril_main.o)
                0x102e1d2c                Ql_RIL_Initialize

.text.Ql_RIL_SendATCmd
                0x102e1e00      0x260
 .text.Ql_RIL_SendATCmd
                0x102e1e00      0x260 libs/gcc/app_start.lib(ril_main.o)
                0x102e1e00                Ql_RIL_SendATCmd

.text.Ql_RIL_WriteDataToCore
                0x102e2060       0x24
 .text.Ql_RIL_WriteDataToCore
                0x102e2060       0x24 libs/gcc/app_start.lib(ril_main.o)
                0x102e2060                Ql_RIL_WriteDataToCore

.text.Ql_Mqtt_Recv_Register
                0x102e2084       0x1c
 .text.Ql_Mqtt_Recv_Register
                0x102e2084       0x1c libs/gcc/app_start.lib(ril_main.o)
                0x102e2084                Ql_Mqtt_Recv_Register

.text.Ql_SOC_Register
                0x102e20a0       0x84
 .text.Ql_SOC_Register
                0x102e20a0       0x84 libs/gcc/app_start.lib(socket.o)
                0x102e20a0                Ql_SOC_Register

.text.Ql_SOC_Create
                0x102e2124       0x64
 .text.Ql_SOC_Create
                0x102e2124       0x64 libs/gcc/app_start.lib(socket.o)
                0x102e2124                Ql_SOC_Create

.text.Ql_SOC_Close
                0x102e2188       0x60
 .text.Ql_SOC_Close
                0x102e2188       0x60 libs/gcc/app_start.lib(socket.o)
                0x102e2188                Ql_SOC_Close

.text.Ql_SOC_Connect
                0x102e21e8       0x70
 .text.Ql_SOC_Connect
                0x102e21e8       0x70 libs/gcc/app_start.lib(socket.o)
                0x102e21e8                Ql_SOC_Connect

.text.Ql_SOC_Send
                0x102e2258       0x70
 .text.Ql_SOC_Send
                0x102e2258       0x70 libs/gcc/app_start.lib(socket.o)
                0x102e2258                Ql_SOC_Send

.text.Ql_SOC_Recv
                0x102e22c8       0x70
 .text.Ql_SOC_Recv
                0x102e22c8       0x70 libs/gcc/app_start.lib(socket.o)
                0x102e22c8                Ql_SOC_Recv

.text.Ql_IpHelper_ConvertIpAddr
                0x102e2338       0x68
 .text.Ql_IpHelper_ConvertIpAddr
                0x102e2338       0x68 libs/gcc/app_start.lib(socket.o)
                0x102e2338                Ql_IpHelper_ConvertIpAddr

.text.Ql_atof   0x102e23a0       0x98
 .text.Ql_atof  0x102e23a0       0x98 libs/gcc/app_start.lib(stdlib_func.o)
                0x102e23a0                Ql_atof

.text.Ql_strcpy
                0x102e2438       0xa0
 .text.Ql_strcpy
                0x102e2438       0xa0 libs/gcc/app_start.lib(stdlib_func.o)
                0x102e2438                Ql_strcpy

.text.Ql_strncpy
                0x102e24d8       0x88
 .text.Ql_strncpy
                0x102e24d8       0x88 libs/gcc/app_start.lib(stdlib_func.o)
                0x102e24d8                Ql_strncpy

.text.Ql_strncat
                0x102e2560       0x88
 .text.Ql_strncat
                0x102e2560       0x88 libs/gcc/app_start.lib(stdlib_func.o)
                0x102e2560                Ql_strncat

.text.Ql_strlen
                0x102e25e8       0x78
 .text.Ql_strlen
                0x102e25e8       0x78 libs/gcc/app_start.lib(stdlib_func.o)
                0x102e25e8                Ql_strlen

.text.Ql_strcmp
                0x102e2660       0x68
 .text.Ql_strcmp
                0x102e2660       0x68 libs/gcc/app_start.lib(stdlib_func.o)
                0x102e2660                Ql_strcmp

.text.Ql_strncmp
                0x102e26c8       0x70
 .text.Ql_strncmp
                0x102e26c8       0x70 libs/gcc/app_start.lib(stdlib_func.o)
                0x102e26c8                Ql_strncmp

.text.Ql_memset
                0x102e2738       0x88
 .text.Ql_memset
                0x102e2738       0x88 libs/gcc/app_start.lib(stdlib_func.o)
                0x102e2738                Ql_memset

.text.Ql_memcpy
                0x102e27c0       0x88
 .text.Ql_memcpy
                0x102e27c0       0x88 libs/gcc/app_start.lib(stdlib_func.o)
                0x102e27c0                Ql_memcpy

.text.Ql_strstr
                0x102e2848       0x80
 .text.Ql_strstr
                0x102e2848       0x80 libs/gcc/app_start.lib(stdlib_func.o)
                0x102e2848                Ql_strstr

.text.Ql_toupper
                0x102e28c8        0x8
 .text.Ql_toupper
                0x102e28c8        0x8 libs/gcc/app_start.lib(stdlib_func.o)
                0x102e28c8                Ql_toupper

.text.Ql_atoi   0x102e28d0       0x84
 .text.Ql_atoi  0x102e28d0       0x84 libs/gcc/app_start.lib(stdlib_func.o)
                0x102e28d0                Ql_atoi

.text.Ql_Sleep  0x102e2954       0x74
 .text.Ql_Sleep
                0x102e2954       0x74 libs/gcc/app_start.lib(system.o)
                0x102e2954                Ql_Sleep

.text.Ql_Reset  0x102e29c8       0x74
 .text.Ql_Reset
                0x102e29c8       0x74 libs/gcc/app_start.lib(system.o)
                0x102e29c8                Ql_Reset

.text.Ql_GetSDKVer
                0x102e2a3c       0x64
 .text.Ql_GetSDKVer
                0x102e2a3c       0x64 libs/gcc/app_start.lib(system.o)
                0x102e2a3c                Ql_GetSDKVer

.text.Ql_OS_GetMessage
                0x102e2aa0       0x60
 .text.Ql_OS_GetMessage
                0x102e2aa0       0x60 libs/gcc/app_start.lib(taskMngt.o)
                0x102e2aa0                Ql_OS_GetMessage

.text.Ql_OS_SendMessage
                0x102e2b00       0x78
 .text.Ql_OS_SendMessage
                0x102e2b00       0x78 libs/gcc/app_start.lib(taskMngt.o)
                0x102e2b00                Ql_OS_SendMessage

.text.Ql_OS_CreateMutex
                0x102e2b78       0x54
 .text.Ql_OS_CreateMutex
                0x102e2b78       0x54 libs/gcc/app_start.lib(taskMngt.o)
                0x102e2b78                Ql_OS_CreateMutex

.text.Ql_OS_TakeMutex
                0x102e2bcc       0x54
 .text.Ql_OS_TakeMutex
                0x102e2bcc       0x54 libs/gcc/app_start.lib(taskMngt.o)
                0x102e2bcc                Ql_OS_TakeMutex

.text.Ql_OS_GiveMutex
                0x102e2c20       0x54
 .text.Ql_OS_GiveMutex
                0x102e2c20       0x54 libs/gcc/app_start.lib(taskMngt.o)
                0x102e2c20                Ql_OS_GiveMutex

.text.Ql_OS_CreateEvent
                0x102e2c74       0x54
 .text.Ql_OS_CreateEvent
                0x102e2c74       0x54 libs/gcc/app_start.lib(taskMngt.o)
                0x102e2c74                Ql_OS_CreateEvent

.text.Ql_OS_WaitEvent
                0x102e2cc8       0x68
 .text.Ql_OS_WaitEvent
                0x102e2cc8       0x68 libs/gcc/app_start.lib(taskMngt.o)
                0x102e2cc8                Ql_OS_WaitEvent

.text.Ql_OS_SetEvent
                0x102e2d30       0x68
 .text.Ql_OS_SetEvent
                0x102e2d30       0x68 libs/gcc/app_start.lib(taskMngt.o)
                0x102e2d30                Ql_OS_SetEvent

.text.Ql_SetLocalTime
                0x102e2d98       0x60
 .text.Ql_SetLocalTime
                0x102e2d98       0x60 libs/gcc/app_start.lib(time.o)
                0x102e2d98                Ql_SetLocalTime

.text.Ql_GetLocalTime
                0x102e2df8       0x54
 .text.Ql_GetLocalTime
                0x102e2df8       0x54 libs/gcc/app_start.lib(time.o)
                0x102e2df8                Ql_GetLocalTime

.text.Ql_Mktime
                0x102e2e4c       0x70
 .text.Ql_Mktime
                0x102e2e4c       0x70 libs/gcc/app_start.lib(time.o)
                0x102e2e4c                Ql_Mktime

.text.Ql_MKTime2CalendarTime
                0x102e2ebc       0x64
 .text.Ql_MKTime2CalendarTime
                0x102e2ebc       0x64 libs/gcc/app_start.lib(time.o)
                0x102e2ebc                Ql_MKTime2CalendarTime

.text.Ql_Timer_Register
                0x102e2f20       0x70
 .text.Ql_Timer_Register
                0x102e2f20       0x70 libs/gcc/app_start.lib(timer.o)
                0x102e2f20                Ql_Timer_Register

.text.Ql_Timer_Start
                0x102e2f90       0x70
 .text.Ql_Timer_Start
                0x102e2f90       0x70 libs/gcc/app_start.lib(timer.o)
                0x102e2f90                Ql_Timer_Start

.text.Ql_Timer_Stop
                0x102e3000       0x60
 .text.Ql_Timer_Stop
                0x102e3000       0x60 libs/gcc/app_start.lib(timer.o)
                0x102e3000                Ql_Timer_Stop

.text.Ql_UART_Register
                0x102e3060       0x70
 .text.Ql_UART_Register
                0x102e3060       0x70 libs/gcc/app_start.lib(uart.o)
                0x102e3060                Ql_UART_Register

.text.Ql_UART_Open
                0x102e30d0       0x70
 .text.Ql_UART_Open
                0x102e30d0       0x70 libs/gcc/app_start.lib(uart.o)
                0x102e30d0                Ql_UART_Open

.text.Ql_UART_OpenEx
                0x102e3140       0x68
 .text.Ql_UART_OpenEx
                0x102e3140       0x68 libs/gcc/app_start.lib(uart.o)
                0x102e3140                Ql_UART_OpenEx

.text.Ql_UART_Write
                0x102e31a8       0x70
 .text.Ql_UART_Write
                0x102e31a8       0x70 libs/gcc/app_start.lib(uart.o)
                0x102e31a8                Ql_UART_Write

.text.Ql_UART_Read
                0x102e3218       0x70
 .text.Ql_UART_Read
                0x102e3218       0x70 libs/gcc/app_start.lib(uart.o)
                0x102e3218                Ql_UART_Read

.text.Ql_UART_ClrRxBuffer
                0x102e3288       0x54
 .text.Ql_UART_ClrRxBuffer
                0x102e3288       0x54 libs/gcc/app_start.lib(uart.o)
                0x102e3288                Ql_UART_ClrRxBuffer

.text.Ql_UART_GetPinStatus
                0x102e32dc       0x68
 .text.Ql_UART_GetPinStatus
                0x102e32dc       0x68 libs/gcc/app_start.lib(uart.o)
                0x102e32dc                Ql_UART_GetPinStatus

.text.Ql_UART_SendEscap
                0x102e3344       0x60
 .text.Ql_UART_SendEscap
                0x102e3344       0x60 libs/gcc/app_start.lib(uart.o)
                0x102e3344                Ql_UART_SendEscap

.text.Ql_UART_Close
                0x102e33a4       0x54
 .text.Ql_UART_Close
                0x102e33a4       0x54 libs/gcc/app_start.lib(uart.o)
                0x102e33a4                Ql_UART_Close

.text.OCPU_WTD_ChangeGPIOLevel
                0x102e33f8       0x38
 .text.OCPU_WTD_ChangeGPIOLevel
                0x102e33f8       0x38 libs/gcc/app_start.lib(watchdog.o)
                0x102e33f8                OCPU_WTD_ChangeGPIOLevel

.text.Ql_WTD_Calback
                0x102e3430       0xc4
 .text.Ql_WTD_Calback
                0x102e3430       0xc4 libs/gcc/app_start.lib(watchdog.o)

.text.Ql_WTD_Init
                0x102e34f4      0x100
 .text.Ql_WTD_Init
                0x102e34f4      0x100 libs/gcc/app_start.lib(watchdog.o)
                0x102e34f4                Ql_WTD_Init

.text.Ql_WTD_Start
                0x102e35f4       0xb4
 .text.Ql_WTD_Start
                0x102e35f4       0xb4 libs/gcc/app_start.lib(watchdog.o)
                0x102e35f4                Ql_WTD_Start

.text.Ql_WTD_Feed
                0x102e36a8       0x5c
 .text.Ql_WTD_Feed
                0x102e36a8       0x5c libs/gcc/app_start.lib(watchdog.o)
                0x102e36a8                Ql_WTD_Feed

.text.Ql_GPIO_Init
                0x102e3704       0x78
 .text.Ql_GPIO_Init
                0x102e3704       0x78 libs/gcc/app_start.lib(gpio.o)
                0x102e3704                Ql_GPIO_Init

.text.Ql_GPIO_SetLevel
                0x102e377c       0x68
 .text.Ql_GPIO_SetLevel
                0x102e377c       0x68 libs/gcc/app_start.lib(gpio.o)
                0x102e377c                Ql_GPIO_SetLevel

.rodata         0x102e37e8     0x170c
 *(.rodata)
 .rodata        0x102e37e8       0x54 build\gcc\obj/custom/config/custom_sys_cfg.o
                0x102e37ec                SystemCfg
 .rodata        0x102e383c       0x68 build\gcc\obj/custom/config/sys_config.o
                0x102e383c                GpioConfigTbl
                0x102e3840                TaskConfig
 .rodata        0x102e38a4      0x100 build\gcc\obj/ril/src/ril_bluetooth.o
 .rodata        0x102e39a4       0x1a build\gcc\obj/ril/src/ril_dtmf.o
 .rodata        0x102e39be        0xe build\gcc\obj/ril/src/ril_location.o
 .rodata        0x102e39cc       0x5d build\gcc\obj/ril/src/ril_network.o
 .rodata        0x102e3a29        0xa build\gcc\obj/ril/src/ril_ntp.o
 *fill*         0x102e3a33        0x1 
 .rodata        0x102e3a34      0xa48 build\gcc\obj/ril/src/ril_urc.o
 .rodata        0x102e447c      0x540 build\gcc\obj/example/GSR_V_0.0.5.o
 .rodata        0x102e49bc      0x3bc libs/gcc/app_start.lib(lib_ril_sms.o)
 .rodata        0x102e4d78       0x16 libs/gcc/app_start.lib(ql_main.o)
 .rodata        0x102e4d8e        0x4 libs/gcc/app_start.lib(ril_main.o)
 .rodata        0x102e4d92       0x1b libs/gcc/app_start.lib(system.o)
 *fill*         0x102e4dad        0x3 
 .rodata        0x102e4db0       0x30 C:\Program Files (x86)\CodeSourcery\Sourcery_CodeBench_Lite_for_ARM_EABI/arm-none-eabi/lib/thumb/libm.a(lib_a-e_pow.o)
 .rodata        0x102e4de0       0x10 C:\Program Files (x86)\CodeSourcery\Sourcery_CodeBench_Lite_for_ARM_EABI/arm-none-eabi/lib/thumb/libm.a(lib_a-s_rint.o)
 .rodata        0x102e4df0      0x104 C:\Program Files (x86)\CodeSourcery\Sourcery_CodeBench_Lite_for_ARM_EABI/arm-none-eabi/lib/thumb/libc.a(lib_a-ctype_.o)
                0x102e4df0                _ctype_

.rodata.str1.1  0x102e4ef4     0x51a5
 .rodata.str1.1
                0x102e4ef4       0x25 build\gcc\obj/ril/src/ril_atResponse.o
                                 0x2e (size before relaxing)
 .rodata.str1.1
                0x102e4f19      0x3e8 build\gcc\obj/ril/src/ril_bluetooth.o
                                0x4e3 (size before relaxing)
 .rodata.str1.1
                0x102e5301       0xb7 build\gcc\obj/ril/src/ril_dtmf.o
                                 0xcc (size before relaxing)
 .rodata.str1.1
                0x102e53b8       0x52 build\gcc\obj/ril/src/ril_init.o
 .rodata.str1.1
                0x102e540a       0x88 build\gcc\obj/ril/src/ril_location.o
                                 0xca (size before relaxing)
 .rodata.str1.1
                0x102e5492      0x128 build\gcc\obj/ril/src/ril_mqtt.o
                                0x15b (size before relaxing)
 .rodata.str1.1
                0x102e55ba       0xf8 build\gcc\obj/ril/src/ril_network.o
                                0x112 (size before relaxing)
 .rodata.str1.1
                0x102e56b2       0x79 build\gcc\obj/ril/src/ril_sim.o
                                 0xaf (size before relaxing)
 .rodata.str1.1
                0x102e572b       0x9c build\gcc\obj/ril/src/ril_sms.o
                                 0xcb (size before relaxing)
 .rodata.str1.1
                0x102e57c7      0x1b2 build\gcc\obj/ril/src/ril_urc.o
                                0x1b9 (size before relaxing)
 .rodata.str1.1
                0x102e5979       0x11 build\gcc\obj/ril/src/ril_util.o
                                 0x16 (size before relaxing)
 .rodata.str1.1
                0x102e598a     0x3e3b build\gcc\obj/example/GSR_V_0.0.5.o
                               0x3e94 (size before relaxing)
 .rodata.str1.1
                0x102e97c5      0x15c libs/gcc/app_start.lib(fileSys.o)
 .rodata.str1.1
                0x102e9921       0xcb libs/gcc/app_start.lib(gprs.o)
 .rodata.str1.1
                0x102e99ec       0x19 libs/gcc/app_start.lib(memory.o)
 .rodata.str1.1
                0x102e9a05       0x51 libs/gcc/app_start.lib(ql_main.o)
                                 0x56 (size before relaxing)
 .rodata.str1.1
                0x102e9a56       0x29 libs/gcc/app_start.lib(ril_main.o)
                                 0x32 (size before relaxing)
 .rodata.str1.1
                0x102e9a7f      0x151 libs/gcc/app_start.lib(socket.o)
 .rodata.str1.1
                0x102e9bd0       0xe8 libs/gcc/app_start.lib(stdlib_func.o)
 .rodata.str1.1
                0x102e9cb8       0x3d libs/gcc/app_start.lib(system.o)
 .rodata.str1.1
                0x102e9cf5      0x157 libs/gcc/app_start.lib(taskMngt.o)
 .rodata.str1.1
                0x102e9e4c       0x41 libs/gcc/app_start.lib(time.o)
 .rodata.str1.1
                0x102e9e8d       0x45 libs/gcc/app_start.lib(timer.o)
 .rodata.str1.1
                0x102e9ed2      0x108 libs/gcc/app_start.lib(uart.o)
 .rodata.str1.1
                0x102e9fda       0x25 libs/gcc/app_start.lib(watchdog.o)
 .rodata.str1.1
                0x102e9fff       0x9a libs/gcc/app_start.lib(gpio.o)

.rodata.str1.4  0x102ea09c        0xc
 .rodata.str1.4
                0x102ea09c        0x4 C:\Program Files (x86)\CodeSourcery\Sourcery_CodeBench_Lite_for_ARM_EABI/arm-none-eabi/lib/thumb/libm.a(lib_a-w_pow.o)
 .rodata.str1.4
                0x102ea0a0        0x1 C:\Program Files (x86)\CodeSourcery\Sourcery_CodeBench_Lite_for_ARM_EABI/arm-none-eabi/lib/thumb/libm.a(lib_a-e_pow.o)
                                  0x4 (size before relaxing)
 *fill*         0x102ea0a1        0x3 
 .rodata.str1.4
                0x102ea0a4        0x4 C:\Program Files (x86)\CodeSourcery\Sourcery_CodeBench_Lite_for_ARM_EABI/arm-none-eabi/lib/thumb/libc.a(lib_a-impure.o)

.rel.dyn        0x102ea0a8        0x0
 .rel.iplt      0x00000000        0x0 build\gcc\obj/custom/config/custom_sys_cfg.o

.data           0xf03d2000      0xa90 load address 0x102ea0a8
                0x102ea0a8                PROVIDE (__data_load, LOADADDR (.data))
                0xf03d2000                PROVIDE (__data_start, .)
 *(.data)
 .data          0xf03d2000        0x1 build\gcc\obj/ril/src/ril_bluetooth.o
 *fill*         0xf03d2001        0x3 
 .data          0xf03d2004       0x20 build\gcc\obj/ril/src/ril_init.o
                0xf03d2004                g_LimitedCmds
                0xf03d200c                g_InitCmds
 .data          0xf03d2024       0x38 build\gcc\obj/ril/src/ril_urc.o
                0xf03d2024                mqtt_urc_param
 .data          0xf03d205c      0x5c8 build\gcc\obj/example/GSR_V_0.0.5.o
                0xf03d205c                socket_flag
                0xf03d205d                DEVICE_ID
                0xf03d206c                MODEL_NAME
                0xf03d208a                UTC_DATE_TIME
                0xf03d209e                VERSION
                0xf03d20b7                COMMUNICATION_WITH_CONTROLLER_FLAG
                0xf03d20ec                test_topic_SUB_array
                0xf03d20f0                test_topic_PUB_array
                0xf03d20f4                User_Phone5
                0xf03d2103                Temp_Update_Interval_Buf
                0xf03d2117                APN_NAME
                0xf03d2130                MODBUS_SLAVE_ID
                0xf03d2134                ST_Interval
                0xf03d2138                start_flag
                0xf03d2139                SYSTEM_INITIALIZE_WATCHDOG_FLAG
                0xf03d213c                LOGBOOK_Interval
                0xf03d2140                MQTT_TIMER_PERIOD
                0xf03d2144                SERVER_PROTOCOL_SELECTION
                0xf03d2145                TIMESTAMP_SUB_MSG
                0xf03d2155                SYSTEM_WATCHDOG_FLAG
                0xf03d2156                ST_Interval_1
                0xf03d215c                test_topic_BUF_array
                0xf03d2160                ST_Interval_4
                0xf03d2164                WATCHDOG_FEED_PIN
                0xf03d2168                Timer_Val_WatchdogFeed
                0xf03d2170                LOGBOOK_DATA_FLAG
                0xf03d2171                CLOSE_flag
                0xf03d2172                DISC_flag
                0xf03d2173                NO_OF_SUB_TOPIC
                0xf03d2174                ST_Interval_2
                0xf03d2178                UTC_DATE_TIME_1
                0xf03d218c                ST_Interval_3
                0xf03d2190                reset_flag
                0xf03d2191                QUERY_REPEAT_COUNT
                0xf03d2194                ST_Interval_6
                0xf03d2198                ST_Interval_12
                0xf03d219e                UTC_DATE_TIME_5
                0xf03d21b2                UTC_DATE_TIME_4
                0xf03d21c6                UTC_DATE_TIME_3
                0xf03d21da                UTC_DATE_TIME_2
                0xf03d21ee                APP_BIN_URL
                0xf03d25ee                device_secret
                0xf03d2601                device_name
                0xf03d2612                product_key
 .data          0xf03d2624       0x18 libs/gcc/app_start.lib(ql_func.o)
                0xf03d2624                api_notsup
 .data          0xf03d263c        0x4 libs/gcc/app_start.lib(ril_aux.o)
                0xf03d263c                g_ril_auxTaskId
 .data          0xf03d2640       0x10 libs/gcc/app_start.lib(ril_main.o)
 .data          0xf03d2650        0x1 C:\Program Files (x86)\CodeSourcery\Sourcery_CodeBench_Lite_for_ARM_EABI/arm-none-eabi/lib/thumb/libm.a(lib_a-s_lib_ver.o)
                0xf03d2650                __fdlib_version
 *fill*         0xf03d2651        0x7 
 .data          0xf03d2658      0x430 C:\Program Files (x86)\CodeSourcery\Sourcery_CodeBench_Lite_for_ARM_EABI/arm-none-eabi/lib/thumb/libc.a(lib_a-impure.o)
                0xf03d2658                _impure_ptr
 .data          0xf03d2a88        0x4 C:\Program Files (x86)\CodeSourcery\Sourcery_CodeBench_Lite_for_ARM_EABI/arm-none-eabi/lib/thumb/libc.a(lib_a-ctype_.o)
                0xf03d2a88                __ctype_ptr__
                0xf03d2a90                . = ALIGN (0x8)
 *fill*         0xf03d2a8c        0x4 
                0xf03d2a90                PROVIDE (_edata, .)

.igot.plt       0xf03d2a90        0x0 load address 0x102eab38
 .igot.plt      0x00000000        0x0 build\gcc\obj/custom/config/custom_sys_cfg.o

.bss            0xf03d2a90     0xb6bc load address 0x102eab38
                0xf03d2a90                PROVIDE (__bss_start__, .)
 *(.bss)
 .bss           0xf03d2a90        0x4 build\gcc\obj/ril/src/ril_atResponse.o
 .bss           0xf03d2a94        0x4 build\gcc\obj/ril/src/ril_audio.o
                0xf03d2a94                cb_aud_play
 .bss           0xf03d2a98       0x98 build\gcc\obj/ril/src/ril_bluetooth.o
 .bss           0xf03d2b30        0x4 build\gcc\obj/ril/src/ril_custom.o
                0xf03d2b30                cb_rcvCoreData
 .bss           0xf03d2b34       0x10 build\gcc\obj/ril/src/ril_dtmf.o
 .bss           0xf03d2b44       0x18 build\gcc\obj/ril/src/ril_http.o
                0xf03d2b48                http_url_addr
                0xf03d2b4c                http_url_addr_len
                0xf03d2b50                http_post_msg
                0xf03d2b54                http_post_msg_len
                0xf03d2b58                callback_http_dwnld
 .bss           0xf03d2b5c        0x4 build\gcc\obj/ril/src/ril_location.o
 .bss           0xf03d2b60        0x4 build\gcc\obj/ril/src/ril_ntp.o
 .bss           0xf03d2b64        0x1 build\gcc\obj/ril/src/ril_sms.o
 *fill*         0xf03d2b65        0x3 
 .bss           0xf03d2b68        0x8 build\gcc\obj/ril/src/ril_urc.o
                0xf03d2b68                FtpGet_IND_CB
                0xf03d2b6c                FtpPut_IND_CB
 .bss           0xf03d2b70     0x5980 build\gcc\obj/example/GSR_V_0.0.5.o
                0xf03d2b70                DEVICE_LATITUDE
                0xf03d2b74                DEVICE_LONGITUDE
                0xf03d3b7c                GPRS_flag
                0xf03d3c30                m_SocketConnState
                0xf03d3c31                ERROR_STATUS_1
                0xf03d3c32                DATA_FROM_CONTROLLER
                0xf03d401a                NO_COMM_WITH_CONTROLLER_COUNT
                0xf03d401b                comm_flag
                0xf03d401c                DATA_SEND_TO_SERVER_FLAG
                0xf03d401d                SOCKET_IN_WOULD_BLOCK_FLAG
                0xf03d401e                SERVER2_SETTING_SELECTION_FLAG
                0xf03d401f                filePath1
                0xf03d4083                filePath2
                0xf03d40e7                filePath3
                0xf03d414b                filePath4
                0xf03d41af                filePath5
                0xf03d4213                filePath6
                0xf03d4277                filePath7
                0xf03d42db                filePath8
                0xf03d433f                filePath9
                0xf03d43a3                filePath10
                0xf03d4407                filePath11
                0xf03d446b                filePath12
                0xf03d44cf                filePath13
                0xf03d4533                filePath14
                0xf03d4597                filePath15
                0xf03d4997                filePath16
                0xf03d4d97                filePath17
                0xf03d5197                filePath18
                0xf03d5597                filePath19
                0xf03d55fb                filePath20
                0xf03d5660                SMS_Alert_On_Server_Flag
                0xf03d5664                User_Phone1
                0xf03d5673                User_Phone2
                0xf03d5682                User_Phone3
                0xf03d5691                User_Phone4
                0xf03d56a0                lenght
                0xf03d56a4                Timer_update_Interval_flag
                0xf03d56a8                Temperature_Update_Interval
                0xf03d56ac                ID_FLAG
                0xf03d56b0                NETWORK_STATUS_INDICATOR
                0xf03d56b1                MOD_SLAVE
                0xf03d5adc                module_state
                0xf03d5add                PORT2_COMMUNICATION_FLAG
                0xf03d5ade                send_1
                0xf03d5adf                send_flag2
                0xf03d5ae0                send_flag1
                0xf03d5ae1                QUERY_SEND_STAGE
                0xf03d5ce2                MODBUS_STORE_PARAMETER_DETECTECTION_FLAG
                0xf03d5ce3                INITIAL_RTC_TIME_SYNC_FLAG
                0xf03d5ce4                strBuf_ser_mod
                0xf03d5d48                strBuf_time_store
                0xf03d5dac                strBuf_id
                0xf03d5e10                strBuf_apn
                0xf03d5e74                strBuf_ip
                0xf03d5ed8                strBuf_port
                0xf03d5f3c                m_SrvPort1
                0xf03d5f41                strBuf_time
                0xf03d5fa5                strBuf_Count
                0xf03d600a                STORE_DATA_COUNT
                0xf03d600c                STORE_DATA_LENGTH
                0xf03d600e                DATA_STORE_FLAG
                0xf03d600f                m_SrvPort12
                0xf03d6014                strbuf_User_Phone1
                0xf03d6078                strbuf_User_Phone2
                0xf03d60dc                strbuf_User_Phone3
                0xf03d6140                strbuf_User_Phone4
                0xf03d61a4                strbuf_Temp_Update_Interval_Buf
                0xf03d6208                connect_id
                0xf03d620c                pub_message_id
                0xf03d67c4                MODBUS_WRITE_QURIES_COUNT
                0xf03d67c5                database
                0xf03d6b49                MODBUS_WRITE_FLAG
                0xf03d6b4c                mqtt_urc_param_ptr
                0xf03d6b51                GSM_flag
                0xf03d6b52                Network_Time_Set_Flag
                0xf03d6b53                fota_flag
                0xf03d6b54                Data_Comm_Flag
                0xf03d6b58                NO_OF_MODBUS_VARIABLE_COUNT
                0xf03d6b5c                Data_No_Comm_Flag
                0xf03d6b60                payload_Buff
                0xf03d6bc4                val
                0xf03d6bc8                COUNT_FOR_STORE_TIME_IN_UFL
                0xf03d6bc9                username
                0xf03d6bcb                passwd
                0xf03d6bd0                sub_message_id
                0xf03d6bd4                SMS_BUFF
                0xf03d6c38                CHECK_MODBUS_QUERY_RESPONSE_FLAG
                0xf03d6c39                QUERY_POINTER
                0xf03d6c3a                DATA_RCV_ON_UART_FOR_MODBUS_FLAG
                0xf03d6c3b                QUERY_RCV_POINTER
                0xf03d6c3c                SEND_DATA_TO_SERVER_FLAG
                0xf03d6c3d                ERROR_STATUS_2
                0xf03d6c3e                ERROR_STATUS_3
                0xf03d6c3f                ERROR_STATUS_4
                0xf03d6c40                ERROR_STATUS_5
                0xf03d6c41                ERROR_STATUS_6
                0xf03d6c42                ERROR_STATUS_7
                0xf03d6c43                ERROR_STATUS_8
                0xf03d6c44                ERROR_STATUS_9
                0xf03d6c45                ERROR_STATUS_10
                0xf03d6c46                ERROR_STATUS_11
                0xf03d6c47                ERROR_STATUS_12
                0xf03d6c48                NO_COMMUNICATION_WITH_CONTROLLER_INDICATION
                0xf03d6c49                DATA_STRING_COUNTER
                0xf03d6c4a                HTTP_GPRS_SETTING_FLAG
                0xf03d6c4b                GPRS_Connection_Flag
                0xf03d6c4c                ERROR_FLAG
                0xf03d6c4d                send_data_flag
                0xf03d6c4e                storage_flag
                0xf03d6c4f                string_flag
                0xf03d6c50                HTTP_RESPONSE_FLAG
                0xf03d6c51                HTTP_BLOCK_STATE_FLAG
                0xf03d6c52                QUERY_REPEAT_COUNTER
                0xf03d6c53                QUERY_RCV_STAGE
                0xf03d6c54                DATA_FROM_CONTROLLER_5
                0xf03d703c                DATA_FROM_CONTROLLER_4
                0xf03d7424                DATA_FROM_CONTROLLER_3
                0xf03d780c                DATA_FROM_CONTROLLER_2
                0xf03d7bf4                Slave_4_QN
                0xf03d7bf8                Slave_3_QN
                0xf03d7bfc                Slave_2_QN
                0xf03d7c00                Slave_1_QN
                0xf03d7c04                Flag
                0xf03d7c08                count
                0xf03d7c0c                i
                0xf03d7c10                Total_No_Of_Queries
                0xf03d7c14                Slave_4
                0xf03d7c18                Slave_3
                0xf03d7c1c                Slave_2
                0xf03d7c20                Slave_1
                0xf03d7c24                strBuf_time1
                0xf03d7c88                strBuf_data
                0xf03d8458                strBuf_url
                0xf03d84bc                msg_buffer
 .bss           0xf03d84f0       0x60 libs/gcc/app_start.lib(fileSys.o)
 .bss           0xf03d8550       0x28 libs/gcc/app_start.lib(gprs.o)
 .bss           0xf03d8578        0x8 libs/gcc/app_start.lib(memory.o)
 .bss           0xf03d8580       0x24 libs/gcc/app_start.lib(ql_func.o)
                0xf03d8580                m_StartPlayAudioStream
                0xf03d8584                m_get_api_ptr
                0xf03d8588                m_StopPlayAudioStream
                0xf03d858c                m_GetRelativeTime_Counter
                0xf03d8590                m_SecondToTicks
                0xf03d8594                m_MillisecondToTicks
                0xf03d8598                m_CalendarTime2LocalTime
                0xf03d859c                m_osChangeTaskPriority
                0xf03d85a0                m_create_api_hash
 .bss           0xf03d85a4       0x10 libs/gcc/app_start.lib(ql_main.o)
                0xf03d85a8                runinfo
 .bss           0xf03d85b4        0x1 libs/gcc/app_start.lib(ril_aux.o)
                0xf03d85b4                g_ril_auxTaskReady
 *fill*         0xf03d85b5        0x3 
 .bss           0xf03d85b8      0xc34 libs/gcc/app_start.lib(ril_main.o)
 .bss           0xf03d91ec       0x4c libs/gcc/app_start.lib(socket.o)
 .bss           0xf03d9238       0x5c libs/gcc/app_start.lib(stdlib_func.o)
 .bss           0xf03d9294       0x14 libs/gcc/app_start.lib(system.o)
 .bss           0xf03d92a8       0x44 libs/gcc/app_start.lib(taskMngt.o)
 .bss           0xf03d92ec       0x10 libs/gcc/app_start.lib(time.o)
 .bss           0xf03d92fc       0x10 libs/gcc/app_start.lib(timer.o)
 .bss           0xf03d930c       0x3c libs/gcc/app_start.lib(uart.o)
 .bss           0xf03d9348       0x18 libs/gcc/app_start.lib(watchdog.o)
 .bss           0xf03d9360       0x20 libs/gcc/app_start.lib(gpio.o)
                0xf03d9360                m_GPIO_Init
                0xf03d9364                m_GPIO_SetLevel
                0xf03d9368                m_GPIO_GetLevel
                0xf03d936c                m_GPIO_SetDirection
                0xf03d9370                m_GPIO_GetDirection
                0xf03d9374                m_GPIO_SetPullSelection
                0xf03d9378                m_GPIO_GetPullSelection
                0xf03d937c                m_GPIO_Uninit
                0xf03d9380                . = ALIGN (0x8)
                0xf03d9380                PROVIDE (__bss_end__, .)
 COMMON         0xf03d9380      0x124 build\gcc\obj/ril/src/ril_telephony.o
                0xf03d9380                g_comingCall
 COMMON         0xf03d94a4     0x4c94 build\gcc\obj/example/GSR_V_0.0.5.o
                0xf03d94a4                meter_no
                0xf03d94a6                FUNCTION_CODE
                0xf03d950c                wtdid1
                0xf03d9510                WTD_Id
                0xf03d9514                Temp_Queries
                0xf03d9515                MODBUS_SLAVE_ID_BUFF
                0xf03d9579                arrHttpRcvBuf
                0xf03dbd7c                MODBUS_ADDRESS
                0xf03dbf0c                Sub_Topic_Set
                0xf03dbf3c                data_mod
                0xf03dc08c                address_mod
                0xf03dc1dc                g_asConSMSBuf
                0xf03dd376                NO_OF_QUERY
                0xf03dd378                mqtt_topic_info_t
                0xf03dd3a8                time
                0xf03dd3c4                pdpCntxtId
                0xf03dd3c8                WTD_Id2
                0xf03dd3cc                wtdid2
                0xf03dd3d0                port2_dcb
                0xf03dd3d8                MODBUS_LEGTH
                0xf03dd568                FOTA_STATUS_VARIABLE
                0xf03dd580                HTTP_POST_MSG
 COMMON         0xf03de138       0x10 libs/gcc/app_start.lib(ql_main.o)
                0xf03de138                Ql_snprintf
                0xf03de13c                Ql_sprintf
                0xf03de140                Ql_Debug_Trace
                0xf03de144                Ql_sscanf
 COMMON         0xf03de148        0x4 libs/gcc/app_start.lib(ril_main.o)
                0xf03de148                MQTT_Recvhandler
LOAD build\gcc\obj/custom/config/custom_sys_cfg.o
LOAD build\gcc\obj/custom/config/sys_config.o
LOAD build\gcc\obj/ril/src/ril_alarm.o
LOAD build\gcc\obj/ril/src/ril_atResponse.o
LOAD build\gcc\obj/ril/src/ril_audio.o
LOAD build\gcc\obj/ril/src/ril_bluetooth.o
LOAD build\gcc\obj/ril/src/ril_custom.o
LOAD build\gcc\obj/ril/src/ril_dtmf.o
LOAD build\gcc\obj/ril/src/ril_ftp.o
LOAD build\gcc\obj/ril/src/ril_http.o
LOAD build\gcc\obj/ril/src/ril_init.o
LOAD build\gcc\obj/ril/src/ril_location.o
LOAD build\gcc\obj/ril/src/ril_location2.o
LOAD build\gcc\obj/ril/src/ril_mqtt.o
LOAD build\gcc\obj/ril/src/ril_network.o
LOAD build\gcc\obj/ril/src/ril_ntp.o
LOAD build\gcc\obj/ril/src/ril_sim.o
LOAD build\gcc\obj/ril/src/ril_sms.o
LOAD build\gcc\obj/ril/src/ril_system.o
LOAD build\gcc\obj/ril/src/ril_telephony.o
LOAD build\gcc\obj/ril/src/ril_urc.o
LOAD build\gcc\obj/ril/src/ril_util.o
LOAD build\gcc\obj/example/GSR_V_0.0.5.o
LOAD build\gcc\obj/example/GSR_V_7.o
LOAD build\gcc\obj/custom/fota/src/fota_ftp.o
LOAD build\gcc\obj/custom/fota/src/fota_http.o
LOAD build\gcc\obj/custom/fota/src/fota_http_code.o
LOAD build\gcc\obj/custom/fota/src/fota_main.o
LOAD libs/gcc/app_start.lib
LOAD C:\Program Files (x86)\CodeSourcery\Sourcery_CodeBench_Lite_for_ARM_EABI/arm-none-eabi/lib/thumb/libm.a
LOAD C:\Program Files (x86)\CodeSourcery\Sourcery_CodeBench_Lite_for_ARM_EABI/arm-none-eabi/lib/thumb/libc.a
LOAD C:\Program Files (x86)\CodeSourcery\Sourcery_CodeBench_Lite_for_ARM_EABI/arm-none-eabi/lib/thumb/libcs3.a
LOAD C:\Program Files (x86)\CodeSourcery\Sourcery_CodeBench_Lite_for_ARM_EABI/lib/gcc/arm-none-eabi/4.7.2/thumb/libgcc.a
OUTPUT(build\gcc/APPGS3MDM32A01.elf elf32-littlearm)

.comment        0x00000000       0x30
 .comment       0x00000000       0x30 build\gcc\obj/custom/config/custom_sys_cfg.o
                                 0x31 (size before relaxing)
 .comment       0x00000000       0x31 build\gcc\obj/custom/config/sys_config.o
 .comment       0x00000000       0x31 build\gcc\obj/ril/src/ril_atResponse.o
 .comment       0x00000000       0x31 build\gcc\obj/ril/src/ril_audio.o
 .comment       0x00000000       0x31 build\gcc\obj/ril/src/ril_bluetooth.o
 .comment       0x00000000       0x31 build\gcc\obj/ril/src/ril_custom.o
 .comment       0x00000000       0x31 build\gcc\obj/ril/src/ril_dtmf.o
 .comment       0x00000000       0x31 build\gcc\obj/ril/src/ril_http.o
 .comment       0x00000000       0x31 build\gcc\obj/ril/src/ril_init.o
 .comment       0x00000000       0x31 build\gcc\obj/ril/src/ril_location.o
 .comment       0x00000000       0x31 build\gcc\obj/ril/src/ril_mqtt.o
 .comment       0x00000000       0x31 build\gcc\obj/ril/src/ril_network.o
 .comment       0x00000000       0x31 build\gcc\obj/ril/src/ril_ntp.o
 .comment       0x00000000       0x31 build\gcc\obj/ril/src/ril_sim.o
 .comment       0x00000000       0x31 build\gcc\obj/ril/src/ril_sms.o
 .comment       0x00000000       0x31 build\gcc\obj/ril/src/ril_system.o
 .comment       0x00000000       0x31 build\gcc\obj/ril/src/ril_telephony.o
 .comment       0x00000000       0x31 build\gcc\obj/ril/src/ril_urc.o
 .comment       0x00000000       0x31 build\gcc\obj/ril/src/ril_util.o
 .comment       0x00000000       0x31 build\gcc\obj/example/GSR_V_0.0.5.o
 .comment       0x00000000       0x31 libs/gcc/app_start.lib(fileSys.o)
 .comment       0x00000000       0x31 libs/gcc/app_start.lib(gprs.o)
 .comment       0x00000000       0x31 libs/gcc/app_start.lib(lib_ril_sms.o)
 .comment       0x00000000       0x31 libs/gcc/app_start.lib(memory.o)
 .comment       0x00000000       0x31 libs/gcc/app_start.lib(ql_func.o)
 .comment       0x00000000       0x31 libs/gcc/app_start.lib(ql_main.o)
 .comment       0x00000000       0x31 libs/gcc/app_start.lib(ril_aux.o)
 .comment       0x00000000       0x31 libs/gcc/app_start.lib(ril_main.o)
 .comment       0x00000000       0x31 libs/gcc/app_start.lib(socket.o)
 .comment       0x00000000       0x31 libs/gcc/app_start.lib(stdlib_func.o)
 .comment       0x00000000       0x31 libs/gcc/app_start.lib(system.o)
 .comment       0x00000000       0x31 libs/gcc/app_start.lib(taskMngt.o)
 .comment       0x00000000       0x31 libs/gcc/app_start.lib(time.o)
 .comment       0x00000000       0x31 libs/gcc/app_start.lib(timer.o)
 .comment       0x00000000       0x31 libs/gcc/app_start.lib(uart.o)
 .comment       0x00000000       0x31 libs/gcc/app_start.lib(watchdog.o)
 .comment       0x00000000       0x31 libs/gcc/app_start.lib(gpio.o)

.ARM.attributes
                0x00000000       0x2b
 .ARM.attributes
                0x00000000       0x2b build\gcc\obj/custom/config/custom_sys_cfg.o
 .ARM.attributes
                0x0000002b       0x2b build\gcc\obj/custom/config/sys_config.o
 .ARM.attributes
                0x00000056       0x2b build\gcc\obj/ril/src/ril_atResponse.o
 .ARM.attributes
                0x00000081       0x2b build\gcc\obj/ril/src/ril_audio.o
 .ARM.attributes
                0x000000ac       0x2b build\gcc\obj/ril/src/ril_bluetooth.o
 .ARM.attributes
                0x000000d7       0x2b build\gcc\obj/ril/src/ril_custom.o
 .ARM.attributes
                0x00000102       0x2b build\gcc\obj/ril/src/ril_dtmf.o
 .ARM.attributes
                0x0000012d       0x2b build\gcc\obj/ril/src/ril_http.o
 .ARM.attributes
                0x00000158       0x2b build\gcc\obj/ril/src/ril_init.o
 .ARM.attributes
                0x00000183       0x2b build\gcc\obj/ril/src/ril_location.o
 .ARM.attributes
                0x000001ae       0x2b build\gcc\obj/ril/src/ril_mqtt.o
 .ARM.attributes
                0x000001d9       0x2b build\gcc\obj/ril/src/ril_network.o
 .ARM.attributes
                0x00000204       0x2b build\gcc\obj/ril/src/ril_ntp.o
 .ARM.attributes
                0x0000022f       0x2b build\gcc\obj/ril/src/ril_sim.o
 .ARM.attributes
                0x0000025a       0x2b build\gcc\obj/ril/src/ril_sms.o
 .ARM.attributes
                0x00000285       0x2b build\gcc\obj/ril/src/ril_system.o
 .ARM.attributes
                0x000002b0       0x2b build\gcc\obj/ril/src/ril_telephony.o
 .ARM.attributes
                0x000002db       0x2b build\gcc\obj/ril/src/ril_urc.o
 .ARM.attributes
                0x00000306       0x2b build\gcc\obj/ril/src/ril_util.o
 .ARM.attributes
                0x00000331       0x2b build\gcc\obj/example/GSR_V_0.0.5.o
 .ARM.attributes
                0x0000035c       0x2b libs/gcc/app_start.lib(fileSys.o)
 .ARM.attributes
                0x00000387       0x2b libs/gcc/app_start.lib(gprs.o)
 .ARM.attributes
                0x000003b2       0x2b libs/gcc/app_start.lib(lib_ril_sms.o)
 .ARM.attributes
                0x000003dd       0x2b libs/gcc/app_start.lib(memory.o)
 .ARM.attributes
                0x00000408       0x2b libs/gcc/app_start.lib(ql_func.o)
 .ARM.attributes
                0x00000433       0x2b libs/gcc/app_start.lib(ql_main.o)
 .ARM.attributes
                0x0000045e       0x2b libs/gcc/app_start.lib(ril_aux.o)
 .ARM.attributes
                0x00000489       0x2b libs/gcc/app_start.lib(ril_main.o)
 .ARM.attributes
                0x000004b4       0x2b libs/gcc/app_start.lib(socket.o)
 .ARM.attributes
                0x000004df       0x2b libs/gcc/app_start.lib(stdlib_func.o)
 .ARM.attributes
                0x0000050a       0x2b libs/gcc/app_start.lib(system.o)
 .ARM.attributes
                0x00000535       0x2b libs/gcc/app_start.lib(taskMngt.o)
 .ARM.attributes
                0x00000560       0x2b libs/gcc/app_start.lib(time.o)
 .ARM.attributes
                0x0000058b       0x2b libs/gcc/app_start.lib(timer.o)
 .ARM.attributes
                0x000005b6       0x2b libs/gcc/app_start.lib(uart.o)
 .ARM.attributes
                0x000005e1       0x2b libs/gcc/app_start.lib(watchdog.o)
 .ARM.attributes
                0x0000060c       0x2b libs/gcc/app_start.lib(gpio.o)
 .ARM.attributes
                0x00000637       0x1d libs/gcc/app_start.lib(ocpu_init.o)
 .ARM.attributes
                0x00000654       0x30 C:\Program Files (x86)\CodeSourcery\Sourcery_CodeBench_Lite_for_ARM_EABI/arm-none-eabi/lib/thumb/libm.a(lib_a-w_pow.o)
 .ARM.attributes
                0x00000684       0x30 C:\Program Files (x86)\CodeSourcery\Sourcery_CodeBench_Lite_for_ARM_EABI/arm-none-eabi/lib/thumb/libm.a(lib_a-e_pow.o)
 .ARM.attributes
                0x000006b4       0x30 C:\Program Files (x86)\CodeSourcery\Sourcery_CodeBench_Lite_for_ARM_EABI/arm-none-eabi/lib/thumb/libm.a(lib_a-e_sqrt.o)
 .ARM.attributes
                0x000006e4       0x30 C:\Program Files (x86)\CodeSourcery\Sourcery_CodeBench_Lite_for_ARM_EABI/arm-none-eabi/lib/thumb/libm.a(lib_a-s_fabs.o)
 .ARM.attributes
                0x00000714       0x30 C:\Program Files (x86)\CodeSourcery\Sourcery_CodeBench_Lite_for_ARM_EABI/arm-none-eabi/lib/thumb/libm.a(lib_a-s_finite.o)
 .ARM.attributes
                0x00000744       0x30 C:\Program Files (x86)\CodeSourcery\Sourcery_CodeBench_Lite_for_ARM_EABI/arm-none-eabi/lib/thumb/libm.a(lib_a-s_fpclassify.o)
 .ARM.attributes
                0x00000774       0x30 C:\Program Files (x86)\CodeSourcery\Sourcery_CodeBench_Lite_for_ARM_EABI/arm-none-eabi/lib/thumb/libm.a(lib_a-s_lib_ver.o)
 .ARM.attributes
                0x000007a4       0x30 C:\Program Files (x86)\CodeSourcery\Sourcery_CodeBench_Lite_for_ARM_EABI/arm-none-eabi/lib/thumb/libm.a(lib_a-s_matherr.o)
 .ARM.attributes
                0x000007d4       0x30 C:\Program Files (x86)\CodeSourcery\Sourcery_CodeBench_Lite_for_ARM_EABI/arm-none-eabi/lib/thumb/libm.a(lib_a-s_nan.o)
 .ARM.attributes
                0x00000804       0x30 C:\Program Files (x86)\CodeSourcery\Sourcery_CodeBench_Lite_for_ARM_EABI/arm-none-eabi/lib/thumb/libm.a(lib_a-s_rint.o)
 .ARM.attributes
                0x00000834       0x30 C:\Program Files (x86)\CodeSourcery\Sourcery_CodeBench_Lite_for_ARM_EABI/arm-none-eabi/lib/thumb/libm.a(lib_a-s_scalbn.o)
 .ARM.attributes
                0x00000864       0x30 C:\Program Files (x86)\CodeSourcery\Sourcery_CodeBench_Lite_for_ARM_EABI/arm-none-eabi/lib/thumb/libm.a(lib_a-s_copysign.o)
 .ARM.attributes
                0x00000894       0x30 C:\Program Files (x86)\CodeSourcery\Sourcery_CodeBench_Lite_for_ARM_EABI/arm-none-eabi/lib/thumb/libc.a(lib_a-atoi.o)
 .ARM.attributes
                0x000008c4       0x30 C:\Program Files (x86)\CodeSourcery\Sourcery_CodeBench_Lite_for_ARM_EABI/arm-none-eabi/lib/thumb/libc.a(lib_a-errno.o)
 .ARM.attributes
                0x000008f4       0x30 C:\Program Files (x86)\CodeSourcery\Sourcery_CodeBench_Lite_for_ARM_EABI/arm-none-eabi/lib/thumb/libc.a(lib_a-impure.o)
 .ARM.attributes
                0x00000924       0x30 C:\Program Files (x86)\CodeSourcery\Sourcery_CodeBench_Lite_for_ARM_EABI/arm-none-eabi/lib/thumb/libc.a(lib_a-memcpy.o)
 .ARM.attributes
                0x00000954       0x30 C:\Program Files (x86)\CodeSourcery\Sourcery_CodeBench_Lite_for_ARM_EABI/arm-none-eabi/lib/thumb/libc.a(lib_a-memset.o)
 .ARM.attributes
                0x00000984       0x30 C:\Program Files (x86)\CodeSourcery\Sourcery_CodeBench_Lite_for_ARM_EABI/arm-none-eabi/lib/thumb/libc.a(lib_a-strchr.o)
 .ARM.attributes
                0x000009b4       0x30 C:\Program Files (x86)\CodeSourcery\Sourcery_CodeBench_Lite_for_ARM_EABI/arm-none-eabi/lib/thumb/libc.a(lib_a-strcpy.o)
 .ARM.attributes
                0x000009e4       0x30 C:\Program Files (x86)\CodeSourcery\Sourcery_CodeBench_Lite_for_ARM_EABI/arm-none-eabi/lib/thumb/libc.a(lib_a-strlen.o)
 .ARM.attributes
                0x00000a14       0x30 C:\Program Files (x86)\CodeSourcery\Sourcery_CodeBench_Lite_for_ARM_EABI/arm-none-eabi/lib/thumb/libc.a(lib_a-strstr.o)
 .ARM.attributes
                0x00000a44       0x30 C:\Program Files (x86)\CodeSourcery\Sourcery_CodeBench_Lite_for_ARM_EABI/arm-none-eabi/lib/thumb/libc.a(lib_a-strtok.o)
 .ARM.attributes
                0x00000a74       0x30 C:\Program Files (x86)\CodeSourcery\Sourcery_CodeBench_Lite_for_ARM_EABI/arm-none-eabi/lib/thumb/libc.a(lib_a-strtok_r.o)
 .ARM.attributes
                0x00000aa4       0x30 C:\Program Files (x86)\CodeSourcery\Sourcery_CodeBench_Lite_for_ARM_EABI/arm-none-eabi/lib/thumb/libc.a(lib_a-strtol.o)
 .ARM.attributes
                0x00000ad4       0x30 C:\Program Files (x86)\CodeSourcery\Sourcery_CodeBench_Lite_for_ARM_EABI/arm-none-eabi/lib/thumb/libc.a(lib_a-ctype_.o)
 .ARM.attributes
                0x00000b04       0x30 C:\Program Files (x86)\CodeSourcery\Sourcery_CodeBench_Lite_for_ARM_EABI/arm-none-eabi/lib/thumb/libc.a(lib_a-memchr.o)
 .ARM.attributes
                0x00000b34       0x30 C:\Program Files (x86)\CodeSourcery\Sourcery_CodeBench_Lite_for_ARM_EABI/arm-none-eabi/lib/thumb/libc.a(lib_a-memcmp.o)
 .ARM.attributes
                0x00000b64       0x18 C:\Program Files (x86)\CodeSourcery\Sourcery_CodeBench_Lite_for_ARM_EABI/lib/gcc/arm-none-eabi/4.7.2/thumb/libgcc.a(_udivsi3.o)
 .ARM.attributes
                0x00000b7c       0x18 C:\Program Files (x86)\CodeSourcery\Sourcery_CodeBench_Lite_for_ARM_EABI/lib/gcc/arm-none-eabi/4.7.2/thumb/libgcc.a(_divsi3.o)
 .ARM.attributes
                0x00000b94       0x16 C:\Program Files (x86)\CodeSourcery\Sourcery_CodeBench_Lite_for_ARM_EABI/lib/gcc/arm-none-eabi/4.7.2/thumb/libgcc.a(_dvmd_tls.o)
 .ARM.attributes
                0x00000baa       0x18 C:\Program Files (x86)\CodeSourcery\Sourcery_CodeBench_Lite_for_ARM_EABI/lib/gcc/arm-none-eabi/4.7.2/thumb/libgcc.a(_arm_addsubdf3.o)
 .ARM.attributes
                0x00000bc2       0x18 C:\Program Files (x86)\CodeSourcery\Sourcery_CodeBench_Lite_for_ARM_EABI/lib/gcc/arm-none-eabi/4.7.2/thumb/libgcc.a(_arm_muldivdf3.o)
 .ARM.attributes
                0x00000bda       0x18 C:\Program Files (x86)\CodeSourcery\Sourcery_CodeBench_Lite_for_ARM_EABI/lib/gcc/arm-none-eabi/4.7.2/thumb/libgcc.a(_arm_cmpdf2.o)
 .ARM.attributes
                0x00000bf2       0x18 C:\Program Files (x86)\CodeSourcery\Sourcery_CodeBench_Lite_for_ARM_EABI/lib/gcc/arm-none-eabi/4.7.2/thumb/libgcc.a(_arm_fixdfsi.o)
 .ARM.attributes
                0x00000c0a       0x18 C:\Program Files (x86)\CodeSourcery\Sourcery_CodeBench_Lite_for_ARM_EABI/lib/gcc/arm-none-eabi/4.7.2/thumb/libgcc.a(_arm_fixunsdfsi.o)
 .ARM.attributes